[    0.000000] Initializing cgroup subsys cpuset
[    0.000000] Initializing cgroup subsys cpu
[    0.000000] Initializing cgroup subsys cpuacct
[    0.000000] Linux version 4.4.0-210-generic (buildd@lgw01-amd64-009) (gcc version 5.4.0 20160609 (Ubuntu 5.4.0-6ubuntu1~16.04.12) ) #242-Ubuntu SMP Fri Apr 16 09:57:56 UTC 2021 (Ubuntu 4.4.0-210.242-generic 4.4.262)
[    0.000000] Command line: BOOT_IMAGE=/boot/vmlinuz-4.4.0-210-generic root=LABEL=cloudimg-rootfs ro console=tty1 console=ttyS0
[    0.000000] KERNEL supported cpus:
[    0.000000]   Intel GenuineIntel
[    0.000000]   AMD AuthenticAMD
[    0.000000]   Centaur CentaurHauls
[    0.000000] x86/fpu: xstate_offset[2]:  576, xstate_sizes[2]:  256
[    0.000000] x86/fpu: Supporting XSAVE feature 0x01: 'x87 floating point registers'
[    0.000000] x86/fpu: Supporting XSAVE feature 0x02: 'SSE registers'
[    0.000000] x86/fpu: Supporting XSAVE feature 0x04: 'AVX registers'
[    0.000000] x86/fpu: Enabled xstate features 0x7, context size is 832 bytes, using 'standard' format.
[    0.000000] e820: BIOS-provided physical RAM map:
[    0.000000] BIOS-e820: [mem 0x0000000000000000-0x000000000009fbff] usable
[    0.000000] BIOS-e820: [mem 0x000000000009fc00-0x000000000009ffff] reserved
[    0.000000] BIOS-e820: [mem 0x00000000000f0000-0x00000000000fffff] reserved
[    0.000000] BIOS-e820: [mem 0x0000000000100000-0x000000007ffeffff] usable
[    0.000000] BIOS-e820: [mem 0x000000007fff0000-0x000000007fffffff] ACPI data
[    0.000000] BIOS-e820: [mem 0x00000000fec00000-0x00000000fec00fff] reserved
[    0.000000] BIOS-e820: [mem 0x00000000fee00000-0x00000000fee00fff] reserved
[    0.000000] BIOS-e820: [mem 0x00000000fffc0000-0x00000000ffffffff] reserved
[    0.000000] NX (Execute Disable) protection: active
[    0.000000] SMBIOS 2.5 present.
[    0.000000] Hypervisor detected: KVM
[    0.000000] Kernel/User page tables isolation: disabled
[    0.000000] e820: last_pfn = 0x7fff0 max_arch_pfn = 0x400000000
[    0.000000] MTRR: Disabled
[    0.000000] x86/PAT: MTRRs disabled, skipping PAT initialization too.
[    0.000000] CPU MTRRs all blank - virtualized system.
[    0.000000] x86/PAT: Configuration [0-7]: WB  WT  UC- UC  WB  WT  UC- UC  
[    0.000000] found SMP MP-table at [mem 0x0009fff0-0x0009ffff] mapped at [ffff88000009fff0]
[    0.000000] Scanning 1 areas for low memory corruption
[    0.000000] RAMDISK: [mem 0x362dc000-0x37165fff]
[    0.000000] ACPI: Early table checksum verification disabled
[    0.000000] ACPI: RSDP 0x00000000000E0000 000024 (v02 VBOX  )
[    0.000000] ACPI: XSDT 0x000000007FFF0030 00003C (v01 VBOX   VBOXXSDT 00000001 ASL  00000061)
[    0.000000] ACPI: FACP 0x000000007FFF00F0 0000F4 (v04 VBOX   VBOXFACP 00000001 ASL  00000061)
[    0.000000] ACPI: DSDT 0x000000007FFF0470 002325 (v02 VBOX   VBOXBIOS 00000002 INTL 20100528)
[    0.000000] ACPI: FACS 0x000000007FFF0200 000040
[    0.000000] ACPI: FACS 0x000000007FFF0200 000040
[    0.000000] ACPI: APIC 0x000000007FFF0240 00005C (v02 VBOX   VBOXAPIC 00000001 ASL  00000061)
[    0.000000] ACPI: SSDT 0x000000007FFF02A0 0001CC (v01 VBOX   VBOXCPUT 00000002 INTL 20100528)
[    0.000000] No NUMA configuration found
[    0.000000] Faking a node at [mem 0x0000000000000000-0x000000007ffeffff]
[    0.000000] NODE_DATA(0) allocated [mem 0x7ffeb000-0x7ffeffff]
[    0.000000] kvm-clock: Using msrs 4b564d01 and 4b564d00
[    0.000000] kvm-clock: cpu 0, msr 0:7ffe3001, primary cpu clock
[    0.000000] kvm-clock: using sched offset of 3116459947 cycles
[    0.000000] clocksource: kvm-clock: mask: 0xffffffffffffffff max_cycles: 0x1cd42e4dffb, max_idle_ns: 881590591483 ns
[    0.000000] Zone ranges:
[    0.000000]   DMA      [mem 0x0000000000001000-0x0000000000ffffff]
[    0.000000]   DMA32    [mem 0x0000000001000000-0x000000007ffeffff]
[    0.000000]   Normal   empty
[    0.000000]   Device   empty
[    0.000000] Movable zone start for each node
[    0.000000] Early memory node ranges
[    0.000000]   node   0: [mem 0x0000000000001000-0x000000000009efff]
[    0.000000]   node   0: [mem 0x0000000000100000-0x000000007ffeffff]
[    0.000000] Initmem setup node 0 [mem 0x0000000000001000-0x000000007ffeffff]
[    0.000000] ACPI: PM-Timer IO Port: 0x4008
[    0.000000] IOAPIC[0]: apic_id 2, version 32, address 0xfec00000, GSI 0-23
[    0.000000] ACPI: INT_SRC_OVR (bus 0 bus_irq 0 global_irq 2 dfl dfl)
[    0.000000] ACPI: INT_SRC_OVR (bus 0 bus_irq 9 global_irq 9 low level)
[    0.000000] Using ACPI (MADT) for SMP configuration information
[    0.000000] smpboot: Allowing 2 CPUs, 0 hotplug CPUs
[    0.000000] PM: Registered nosave memory: [mem 0x00000000-0x00000fff]
[    0.000000] PM: Registered nosave memory: [mem 0x0009f000-0x0009ffff]
[    0.000000] PM: Registered nosave memory: [mem 0x000a0000-0x000effff]
[    0.000000] PM: Registered nosave memory: [mem 0x000f0000-0x000fffff]
[    0.000000] e820: [mem 0x80000000-0xfebfffff] available for PCI devices
[    0.000000] Booting paravirtualized kernel on KVM
[    0.000000] clocksource: refined-jiffies: mask: 0xffffffff max_cycles: 0xffffffff, max_idle_ns: 7645519600211568 ns
[    0.000000] setup_percpu: NR_CPUS:512 nr_cpumask_bits:512 nr_cpu_ids:2 nr_node_ids:1
[    0.000000] PERCPU: Embedded 33 pages/cpu @ffff88007fc00000 s95192 r8192 d31784 u1048576
[    0.000000] Built 1 zonelists in Node order, mobility grouping on.  Total pages: 515960
[    0.000000] Policy zone: DMA32
[    0.000000] Kernel command line: BOOT_IMAGE=/boot/vmlinuz-4.4.0-210-generic root=LABEL=cloudimg-rootfs ro console=tty1 console=ttyS0
[    0.000000] PID hash table entries: 4096 (order: 3, 32768 bytes)
[    0.000000] Memory: 2029984K/2096696K available (8644K kernel code, 1332K rwdata, 4044K rodata, 1492K init, 1164K bss, 66712K reserved, 0K cma-reserved)
[    0.000000] SLUB: HWalign=64, Order=0-3, MinObjects=0, CPUs=2, Nodes=1
[    0.000000] Hierarchical RCU implementation.
[    0.000000] 	Build-time adjustment of leaf fanout to 64.
[    0.000000] 	RCU restricting CPUs from NR_CPUS=512 to nr_cpu_ids=2.
[    0.000000] RCU: Adjusting geometry for rcu_fanout_leaf=64, nr_cpu_ids=2
[    0.000000] NR_IRQS:33024 nr_irqs:440 16
[    0.000000] Console: colour VGA+ 80x25
[    0.000000] console [tty1] enabled
[    0.000000] console [ttyS0] enabled
[    0.000000] tsc: Detected 2591.996 MHz processor
[    0.122100] Calibrating delay loop (skipped) preset value.. 5183.99 BogoMIPS (lpj=10367984)
[    0.123550] pid_max: default: 32768 minimum: 301
[    0.124301] ACPI: Core revision 20150930
[    0.125632] ACPI: 2 ACPI AML tables successfully acquired and loaded
[    0.126829] Security Framework initialized
[    0.127575] Yama: becoming mindful.
[    0.128245] AppArmor: AppArmor initialized
[    0.129249] Dentry cache hash table entries: 262144 (order: 9, 2097152 bytes)
[    0.130816] Inode-cache hash table entries: 131072 (order: 8, 1048576 bytes)
[    0.132429] Mount-cache hash table entries: 4096 (order: 3, 32768 bytes)
[    0.133422] Mountpoint-cache hash table entries: 4096 (order: 3, 32768 bytes)
[    0.134879] Initializing cgroup subsys io
[    0.135583] Initializing cgroup subsys memory
[    0.136341] Initializing cgroup subsys devices
[    0.137194] Initializing cgroup subsys freezer
[    0.137957] Initializing cgroup subsys net_cls
[    0.138856] Initializing cgroup subsys perf_event
[    0.139642] Initializing cgroup subsys net_prio
[    0.140399] Initializing cgroup subsys hugetlb
[    0.141145] Initializing cgroup subsys pids
[    0.142939] mce: CPU supports 0 MCE banks
[    0.143965] Last level iTLB entries: 4KB 64, 2MB 8, 4MB 8
[    0.144921] Last level dTLB entries: 4KB 64, 2MB 0, 4MB 0, 1GB 4
[    0.145864] Spectre V1 : Mitigation: usercopy/swapgs barriers and __user pointer sanitization
[    0.147247] Spectre V2 : Mitigation: Full generic retpoline
[    0.148109] Spectre V2 : Spectre v2 / SpectreRSB mitigation: Filling RSB on context switch
[    0.149383] Speculative Store Bypass: Vulnerable
[    0.150369] TAA: Mitigation: TSX disabled
[    0.151409] SRBDS: Mitigation: TSX disabled
[    0.154511] Freeing SMP alternatives memory: 36K
[    0.160248] ftrace: allocating 32380 entries in 127 pages
[    0.209042] smpboot: APIC(0) Converting physical 0 to logical package 0
[    0.210756] smpboot: Max logical packages: 1
[    0.211666] x2apic enabled
[    0.212378] Switched APIC routing to physical x2apic.
[    0.214113] ..TIMER: vector=0x30 apic1=0 pin1=2 apic2=-1 pin2=-1
[    0.323152] smpboot: CPU0: Intel(R) Core(TM) i7-9850H CPU @ 2.60GHz (family: 0x6, model: 0x9e, stepping: 0xd)
[    0.325440] Performance Events: unsupported p6 CPU model 158 no PMU driver, software events only.
[    0.333531] KVM setup paravirtual spinlock
[    0.334952] x86: Booting SMP configuration:
[    0.335902] .... node  #0, CPUs:      #1
[    0.336958] kvm-clock: cpu 1, msr 0:7ffe3041, secondary cpu clock
[    0.338692] mce: CPU supports 0 MCE banks
[    0.341115] x86: Booted up 1 node, 2 CPUs
[    0.341950] smpboot: Total of 2 processors activated (10367.98 BogoMIPS)
[    0.343242] devtmpfs: initialized
[    0.345248] evm: security.selinux
[    0.345827] evm: security.SMACK64
[    0.346458] evm: security.SMACK64EXEC
[    0.347074] evm: security.SMACK64TRANSMUTE
[    0.347743] evm: security.SMACK64MMAP
[    0.348387] evm: security.ima
[    0.348914] evm: security.capability
[    0.349611] clocksource: jiffies: mask: 0xffffffff max_cycles: 0xffffffff, max_idle_ns: 7645041785100000 ns
[    0.351075] futex hash table entries: 512 (order: 3, 32768 bytes)
[    0.352066] pinctrl core: initialized pinctrl subsystem
[    0.352925] RTC time:  7:57:33, date: 03/24/22
[    0.353730] NET: Registered protocol family 16
[    0.363850] cpuidle: using governor ladder
[    0.385284] cpuidle: using governor menu
[    0.388067] PCCT header not found.
[    0.390772] ACPI: bus type PCI registered
[    0.393726] acpiphp: ACPI Hot Plug PCI Controller Driver version: 0.5
[    0.396246] PCI: Using configuration type 1 for base access
[    0.409542] ACPI: Added _OSI(Module Device)
[    0.412663] ACPI: Added _OSI(Processor Device)
[    0.415468] ACPI: Added _OSI(3.0 _SCP Extensions)
[    0.417920] ACPI: Added _OSI(Processor Aggregator Device)
[    0.421150] ACPI: Executed 1 blocks of module-level executable AML code
[    0.423788] ACPI: Interpreter enabled
[    0.424401] ACPI: (supports S0 S5)
[    0.424978] ACPI: Using IOAPIC for interrupt routing
[    0.425841] PCI: Using host bridge windows from ACPI; if necessary, use "pci=nocrs" and report a bug
[    0.429736] ACPI: PCI Root Bridge [PCI0] (domain 0000 [bus 00-ff])
[    0.430624] acpi PNP0A03:00: _OSC: OS supports [ASPM ClockPM Segments MSI]
[    0.432217] acpi PNP0A03:00: _OSC: not requesting OS control; OS requires [ExtendedConfig ASPM ClockPM MSI]
[    0.434123] acpi PNP0A03:00: fail to add MMCONFIG information, can't access extended PCI configuration space under this bridge.
[    0.436086] PCI host bridge to bus 0000:00
[    0.436768] pci_bus 0000:00: root bus resource [io  0x0000-0x0cf7 window]
[    0.437731] pci_bus 0000:00: root bus resource [io  0x0d00-0xffff window]
[    0.438724] pci_bus 0000:00: root bus resource [mem 0x000a0000-0x000bffff window]
[    0.439927] pci_bus 0000:00: root bus resource [mem 0x80000000-0xfdffffff window]
[    0.441133] pci_bus 0000:00: root bus resource [bus 00-ff]
[    0.443243] pci 0000:00:01.1: legacy IDE quirk: reg 0x10: [io  0x01f0-0x01f7]
[    0.444233] pci 0000:00:01.1: legacy IDE quirk: reg 0x14: [io  0x03f6]
[    0.445196] pci 0000:00:01.1: legacy IDE quirk: reg 0x18: [io  0x0170-0x0177]
[    0.453738] pci 0000:00:01.1: legacy IDE quirk: reg 0x1c: [io  0x0376]
[    0.467227] pci 0000:00:07.0: quirk: [io  0x4000-0x403f] claimed by PIIX4 ACPI
[    0.468666] pci 0000:00:07.0: quirk: [io  0x4100-0x410f] claimed by PIIX4 SMB
[    0.477221] ACPI: PCI Interrupt Link [LNKA] (IRQs 5 9 10 *11)
[    0.478951] ACPI: PCI Interrupt Link [LNKB] (IRQs 5 9 *10 11)
[    0.480596] ACPI: PCI Interrupt Link [LNKC] (IRQs 5 *9 10 11)
[    0.481765] ACPI: PCI Interrupt Link [LNKD] (IRQs 5 9 10 *11)
[    0.482983] ACPI: Enabled 2 GPEs in block 00 to 07
[    0.483996] vgaarb: setting as boot device: PCI:0000:00:02.0
[    0.484874] vgaarb: device added: PCI:0000:00:02.0,decodes=io+mem,owns=io+mem,locks=none
[    0.486189] vgaarb: loaded
[    0.486680] vgaarb: bridge control possible 0000:00:02.0
[    0.487599] SCSI subsystem initialized
[    0.488366] ACPI: bus type USB registered
[    0.489015] usbcore: registered new interface driver usbfs
[    0.489820] usbcore: registered new interface driver hub
[    0.490662] usbcore: registered new device driver usb
[    0.491612] PCI: Using ACPI for IRQ routing
[    0.492457] NetLabel: Initializing
[    0.493027] NetLabel:  domain hash size = 128
[    0.493724] NetLabel:  protocols = UNLABELED CIPSOv4
[    0.494577] NetLabel:  unlabeled traffic allowed by default
[    0.495537] amd_nb: Cannot enumerate AMD northbridges
[    0.496408] clocksource: Switched to clocksource kvm-clock
[    0.501259] AppArmor: AppArmor Filesystem Enabled
[    0.502305] pnp: PnP ACPI init
[    0.503487] pnp: PnP ACPI: found 3 devices
[    0.517202] clocksource: acpi_pm: mask: 0xffffff max_cycles: 0xffffff, max_idle_ns: 2085701024 ns
[    0.519184] NET: Registered protocol family 2
[    0.520191] TCP established hash table entries: 16384 (order: 5, 131072 bytes)
[    0.521409] TCP bind hash table entries: 16384 (order: 6, 262144 bytes)
[    0.522352] TCP: Hash tables configured (established 16384 bind 16384)
[    0.523273] UDP hash table entries: 1024 (order: 3, 32768 bytes)
[    0.524163] UDP-Lite hash table entries: 1024 (order: 3, 32768 bytes)
[    0.525192] NET: Registered protocol family 1
[    0.525911] pci 0000:00:00.0: Limiting direct PCI/PCI transfers
[    0.526786] pci 0000:00:01.0: Activating ISA DMA hang workarounds
[    0.527734] Unpacking initramfs...
[    0.719521] Freeing initrd memory: 14888K
[    0.720600] clocksource: tsc: mask: 0xffffffffffffffff max_cycles: 0x255cb30caa3, max_idle_ns: 440795217292 ns
[    0.722781] platform rtc_cmos: registered platform RTC device (no PNP device found)
[    0.724065] Scanning for low memory corruption every 60 seconds
[    0.725486] audit: initializing netlink subsys (disabled)
[    0.726335] audit: type=2000 audit(1648108658.672:1): initialized
[    0.727472] Initialise system trusted keyring
[    0.728408] HugeTLB registered 2 MB page size, pre-allocated 0 pages
[    0.730303] zbud: loaded
[    0.731138] VFS: Disk quotas dquot_6.6.0
[    0.731835] VFS: Dquot-cache hash table entries: 512 (order 0, 4096 bytes)
[    0.733094] squashfs: version 4.0 (2009/01/31) Phillip Lougher
[    0.734221] fuse init (API version 7.23)
[    0.735064] Key type big_key registered
[    0.735727] Allocating IMA MOK and blacklist keyrings.
[    0.738404] Key type asymmetric registered
[    0.739124] Asymmetric key parser 'x509' registered
[    0.739978] Block layer SCSI generic (bsg) driver version 0.4 loaded (major 249)
[    0.741382] io scheduler noop registered
[    0.742059] io scheduler deadline registered (default)
[    0.742898] io scheduler cfq registered
[    0.743620] pci_hotplug: PCI Hot Plug PCI Core version: 0.5
[    0.744502] pciehp: PCI Express Hot Plug Controller Driver version: 0.4
[    0.745643] ACPI: AC Adapter [AC] (on-line)
[    0.746381] input: Power Button as /devices/LNXSYSTM:00/LNXPWRBN:00/input/input0
[    0.747651] ACPI: Power Button [PWRF]
[    0.748337] input: Sleep Button as /devices/LNXSYSTM:00/LNXSLPBN:00/input/input1
[    0.749632] ACPI: Sleep Button [SLPF]
[    0.750473] GHES: HEST is not enabled!
[    0.750958] ACPI: Battery Slot [BAT0] (battery present)
[    0.752130] Serial: 8250/16550 driver, 32 ports, IRQ sharing enabled
[    0.773544] 00:02: ttyS0 at I/O 0x3f8 (irq = 4, base_baud = 115200) is a 16550A
[    0.778548] Linux agpgart interface v0.103
[    0.780685] loop: module loaded
[    0.781839] scsi host0: ata_piix
[    0.782646] scsi host1: ata_piix
[    0.783457] ata1: PATA max UDMA/33 cmd 0x1f0 ctl 0x3f6 bmdma 0xd000 irq 14
[    0.784743] ata2: PATA max UDMA/33 cmd 0x170 ctl 0x376 bmdma 0xd008 irq 15
[    0.786504] libphy: Fixed MDIO Bus: probed
[    0.787182] tun: Universal TUN/TAP device driver, 1.6
[    0.787959] tun: (C) 1999-2004 Max Krasnyansky <maxk@qualcomm.com>
[    0.788988] PPP generic driver version 2.4.2
[    0.789794] ehci_hcd: USB 2.0 'Enhanced' Host Controller (EHCI) Driver
[    0.790725] ehci-pci: EHCI PCI platform driver
[    0.791423] ehci-platform: EHCI generic platform driver
[    0.792243] ohci_hcd: USB 1.1 'Open' Host Controller (OHCI) Driver
[    0.793157] ohci-pci: OHCI PCI platform driver
[    0.793930] ohci-platform: OHCI generic platform driver
[    0.794748] uhci_hcd: USB Universal Host Controller Interface driver
[    0.795694] i8042: PNP: PS/2 Controller [PNP0303:PS2K,PNP0f03:PS2M] at 0x60,0x64 irq 1,12
[    0.797435] serio: i8042 KBD port at 0x60,0x64 irq 1
[    0.798190] serio: i8042 AUX port at 0x60,0x64 irq 12
[    0.799230] mousedev: PS/2 mouse device common for all mice
[    0.800484] input: AT Translated Set 2 keyboard as /devices/platform/i8042/serio0/input/input2
[    0.802269] rtc_cmos rtc_cmos: rtc core: registered rtc_cmos as rtc0
[    0.803396] rtc_cmos rtc_cmos: alarms up to one day, 114 bytes nvram
[    0.804319] i2c /dev entries driver
[    0.805096] device-mapper: uevent: version 1.0.3
[    0.805947] device-mapper: ioctl: 4.34.0-ioctl (2015-10-28) initialised: dm-devel@redhat.com
[    0.807265] ledtrig-cpu: registered to indicate activity on CPUs
[    0.808597] NET: Registered protocol family 10
[    0.809513] NET: Registered protocol family 17
[    0.810209] Key type dns_resolver registered
[    0.811530] registered taskstats version 1
[    0.812190] Loading compiled-in X.509 certificates
[    0.813334] Loaded X.509 cert 'Build time autogenerated kernel key: cf00e047681d67edb2720680708b7d9498083038'
[    0.814891] zswap: loaded using pool lzo/zbud
[    0.816895] Key type trusted registered
[    0.819762] Key type encrypted registered
[    0.820421] AppArmor: AppArmor sha1 policy hashing enabled
[    0.821272] ima: No TPM chip found, activating TPM-bypass!
[    0.822380] ima: Allocated hash algorithm: sha1
[    0.823367] evm: HMAC attrs: 0x1
[    0.824487]   Magic number: 14:966:976
[    0.825350] rtc_cmos rtc_cmos: setting system clock to 2022-03-24 07:57:33 UTC (1648108653)
[    0.826748] BIOS EDD facility v0.16 2004-Jun-25, 0 devices found
[    0.827632] EDD information not available.
[    0.973727] Freeing unused kernel memory: 1492K
[    0.975493] Write protecting the kernel read-only data: 14336k
[    0.978035] Freeing unused kernel memory: 1584K
[    0.979933] Freeing unused kernel memory: 52K
Loading, please wait...
starting version 229
[    0.992921] random: systemd-udevd: uninitialized urandom read (16 bytes read, 1 bits of entropy available)
[    0.993341] random: udevadm: uninitialized urandom read (16 bytes read, 1 bits of entropy available)
[    0.993355] random: udevadm: uninitialized urandom read (16 bytes read, 1 bits of entropy available)
[    0.997889] random: udevadm: uninitialized urandom read (16 bytes read, 1 bits of entropy available)
[    0.997913] random: udevadm: uninitialized urandom read (16 bytes read, 1 bits of entropy available)
[    0.997987] random: udevadm: uninitialized urandom read (16 bytes read, 1 bits of entropy available)
[    0.998027] random: udevadm: uninitialized urandom read (16 bytes read, 1 bits of entropy available)
[    0.998054] random: udevadm: uninitialized urandom read (16 bytes read, 1 bits of entropy available)
[    0.998081] random: udevadm: uninitialized urandom read (16 bytes read, 1 bits of entropy available)
[    0.998105] random: udevadm: uninitialized urandom read (16 bytes read, 1 bits of entropy available)
[    1.023883] e1000: Intel(R) PRO/1000 Network Driver - version 7.3.21-k8-NAPI
[    1.025457] e1000: Copyright (c) 1999-2006 Intel Corporation.
[    1.031850] Fusion MPT base driver 3.04.20
[    1.032807] Copyright (c) 1999-2008 LSI Corporation
[    1.039183] Fusion MPT SPI Host driver 3.04.20
[    1.044002] AVX2 version of gcm_enc/dec engaged.
[    1.045245] AES CTR mode by8 optimization enabled
[    1.245559] input: ImExPS/2 Generic Explorer Mouse as /devices/platform/i8042/serio1/input/input4
[    1.734320] e1000 0000:00:03.0 eth0: (PCI:33MHz:32-bit) 02:be:82:6b:cc:1d
[    1.735639] e1000 0000:00:03.0 eth0: Intel(R) PRO/1000 Network Connection
[    1.737584] mptbase: ioc0: Initiating bringup
[    2.069141] ioc0: LSI53C1030 A0: Capabilities={Initiator}
[    4.124272] scsi host2: ioc0: LSI53C1030 A0, FwRev=00000000h, Ports=1, MaxQ=256, IRQ=20
[    5.877200] scsi 2:0:0:0: Direct-Access     VBOX     HARDDISK         1.0  PQ: 0 ANSI: 5
[    5.880941] scsi target2:0:0: Beginning Domain Validation
[    5.884006] scsi target2:0:0: Domain Validation skipping write tests
[    5.885519] scsi target2:0:0: Ending Domain Validation
[    5.886651] scsi target2:0:0: asynchronous
[    5.888046] scsi 2:0:1:0: Direct-Access     VBOX     HARDDISK         1.0  PQ: 0 ANSI: 5
[    5.889349] scsi target2:0:1: Beginning Domain Validation
[    5.891722] scsi target2:0:1: Domain Validation skipping write tests
[    5.892754] scsi target2:0:1: Ending Domain Validation
[    5.901148] scsi target2:0:1: asynchronous
[    5.907072] sd 2:0:0:0: Attached scsi generic sg0 type 0
[    5.908235] sd 2:0:0:0: [sda] 83886080 512-byte logical blocks: (42.9 GB/40.0 GiB)
[    5.908715] sd 2:0:1:0: Attached scsi generic sg1 type 0
[    5.908728] sd 2:0:1:0: [sdb] 20480 512-byte logical blocks: (10.5 MB/10.0 MiB)
[    5.908830] sd 2:0:1:0: [sdb] Write Protect is off
[    5.908900] sd 2:0:1:0: [sdb] Incomplete mode parameter data
[    5.908901] sd 2:0:1:0: [sdb] Assuming drive cache: write through
[    5.916405] sd 2:0:0:0: [sda] Write Protect is off
[    5.917744] sd 2:0:1:0: [sdb] Attached SCSI disk
[    5.918724] sd 2:0:0:0: [sda] Incomplete mode parameter data
[    5.919602] sd 2:0:0:0: [sda] Assuming drive cache: write through
[    5.924284]  sda: sda1
[    5.928071] sd 2:0:0:0: [sda] Attached SCSI disk
[    6.733890] e1000 0000:00:08.0 eth1: (PCI:33MHz:32-bit) 08:00:27:8e:39:86
[    6.735960] e1000 0000:00:08.0 eth1: Intel(R) PRO/1000 Network Connection
[    6.738359] e1000 0000:00:03.0 enp0s3: renamed from eth0
[    6.748903] e1000 0000:00:08.0 enp0s8: renamed from eth1
Begin: Loading essential drivers ... [    8.025918] md: linear personality registered for level -1
[    8.028647] md: multipath personality registered for level -4
[    8.030988] md: raid0 personality registered for level 0
[    8.033974] md: raid1 personality registered for level 1
[    8.104529] raid6: sse2x1   gen() 13312 MB/s
[    8.172512] raid6: sse2x1   xor()  7977 MB/s
[    8.240415] raid6: sse2x2   gen() 17762 MB/s
[    8.308530] raid6: sse2x2   xor() 12172 MB/s
[    8.376501] raid6: sse2x4   gen() 19611 MB/s
[    8.444531] raid6: sse2x4   xor() 12257 MB/s
[    8.512529] raid6: avx2x1   gen() 25896 MB/s
[    8.580540] raid6: avx2x2   gen() 31640 MB/s
[    8.648531] raid6: avx2x4   gen() 36014 MB/s
[    8.649415] raid6: using algorithm avx2x4 gen() 36014 MB/s
[    8.650383] raid6: using avx2x2 recovery algorithm
[    8.652370] xor: automatically using best checksumming function:
[    8.692455]    avx       : 27740.000 MB/sec
[    8.693925] async_tx: api initialized (async)
[    8.700683] md: raid6 personality registered for level 6
[    8.701723] md: raid5 personality registered for level 5
[    8.702833] md: raid4 personality registered for level 4
[    8.707917] md: raid10 personality registered for level 10
done.
Begin: Running /scripts/init-premount ... done.
Begin: Mounting root file system ... Begin: Running /scripts/local-top ... done.
Begin: Running /scripts/local-premount ... [    8.729500] Btrfs loaded
Scanning for Btrfs filesystems
done.
Warning: fsck not present, so skipping root file system
[    8.751097] EXT4-fs (sda1): mounted filesystem with ordered data mode. Opts: (null)
done.
Begin: Running /scripts/local-bottom ... done.
Begin: Running /scripts/init-bottom ... done.
[    8.813137] systemd[1]: systemd 229 running in system mode. (+PAM +AUDIT +SELINUX +IMA +APPARMOR +SMACK +SYSVINIT +UTMP +LIBCRYPTSETUP +GCRYPT +GNUTLS +ACL +XZ -LZ4 +SECCOMP +BLKID +ELFUTILS +KMOD -IDN)
[    8.815854] systemd[1]: Detected virtualization oracle.
[    8.816668] systemd[1]: Detected architecture x86-64.

Welcome to [1mUbuntu 16.04.7 LTS[0m!

[    8.819908] systemd[1]: Set hostname to <ubuntu>.
[    8.822691] systemd[1]: Initializing machine ID from random generator.
[    8.823664] systemd[1]: Installed transient /etc/machine-id file.
[    8.910279] systemd[1]: Reached target Swap.
[[0;32m  OK  [0m] Reached target Swap.
[    8.917036] systemd[1]: Listening on udev Control Socket.
[[0;32m  OK  [0m] Listening on udev Control Socket.
[    8.925137] systemd[1]: Listening on LVM2 poll daemon socket.
[[0;32m  OK  [0m] Listening on LVM2 poll daemon socket.
[    8.926852] systemd[1]: Reached target System Time Synchronized.
[[0;32m  OK  [0m] Reached target System Time Synchronized.
[    8.936725] systemd[1]: Listening on Journal Audit Socket.
[[0;32m  OK  [0m] Listening on Journal Audit Socket.
[    8.938513] systemd[1]: Listening on fsck to fsckd communication Socket.
[[0;32m  OK  [0m] Listening on fsck to fsckd communication Socket.
[    8.944982] systemd[1]: Reached target Encrypted Volumes.
[[0;32m  OK  [0m] Reached target Encrypted Volumes.
[    8.953446] systemd[1]: Started Forward Password Requests to Wall Directory Watch.
[[0;32m  OK  [0m] Started Forward Password Requests to Wall Directory Watch.
[    8.956005] systemd[1]: Listening on Device-mapper event daemon FIFOs.
[[0;32m  OK  [0m] Listening on Device-mapper event daemon FIFOs.
[    8.958012] systemd[1]: Listening on udev Kernel Socket.
[[0;32m  OK  [0m] Listening on udev Kernel Socket.
[    8.959476] systemd[1]: Listening on Syslog Socket.
[[0;32m  OK  [0m] Listening on Syslog Socket.
[    8.960925] systemd[1]: Set up automount Arbitrary Executable File Formats File System Automount Point.
[[0;32m  OK  [0m] Set up automount Arbitrary Executab...ats File System Automount Point.
[    8.963323] systemd[1]: Listening on Journal Socket (/dev/log).
[[0;32m  OK  [0m] Listening on Journal Socket (/dev/log).
[    8.972921] systemd[1]: Started Trigger resolvconf update for networkd DNS.
[[0;32m  OK  [0m] Started Trigger resolvconf update for networkd DNS.
[    8.975084] systemd[1]: Listening on Journal Socket.
[[0;32m  OK  [0m] Listening on Journal Socket.
[    8.976707] systemd[1]: Listening on LVM2 metadata daemon socket.
[[0;32m  OK  [0m] Listening on LVM2 metadata daemon socket.
[    8.978253] systemd[1]: Reached target User and Group Name Lookups.
[[0;32m  OK  [0m] Reached target User and Group Name Lookups.
[    8.979973] systemd[1]: Created slice User and Session Slice.
[[0;32m  OK  [0m] Created slice User and Session Slice.
[    8.981621] systemd[1]: Created slice System Slice.
[[0;32m  OK  [0m] Created slice System Slice.
[    8.993233] systemd[1]: Starting Nameserver information manager...
         Starting Nameserver information manager...
[    9.000939] systemd[1]: Reached target Slices.
[[0;32m  OK  [0m] Reached target Slices.
[    9.002726] systemd[1]: Starting File System Check on Root Device...
         Starting File System Check on Root Device...
[    9.013020] systemd[1]: Starting Journal Service...
         Starting Journal Service...
[    9.017086] systemd[1]: Starting Load Kernel Modules...
         Starting Load Kernel Modules...
[    9.019209] systemd[1]: Starting Create list of required static device nodes for the current kernel...
         Starting Create list of required st... nodes for the current kernel...
[    9.022939] systemd[1]: Starting Set console keymap...
         Starting Set console keymap...
[    9.025028] systemd[1]: Mounting POSIX Message Queue File System...
         Mounting POSIX Message Queue File System...
[    9.027462] systemd[1]: Created slice system-serial\x2dgetty.slice.
[    9.030398] Loading iSCSI transport class v2.0-870.
[[0;32m  OK  [0m] Created slice system-serial\x2dgetty.slice.
[    9.032498] systemd[1]: Starting Monitoring of LVM2 mirrors, snapshots etc. using dmeventd or progress polling...
         Starting Monitoring of LVM2 mirrors... dmeventd or progress polling...
[    9.038861] systemd[1]: Mounting Huge Pages File System...
         Mounting Huge Pages File System...
[    9.042642] systemd[1]: Mounting Debug File System...
         Mounting Debug File System...
[    9.044399] systemd[1]: Starting Uncomplicated firewall...
         Starting Uncomplicated firewall...
[    9.046374] systemd[1]: Listening on /dev/initctl Compatibility Named Pipe.
[[0;32m  OK  [0m] Listening on /dev/initctl Compatibility Named Pipe.
[    9.049222] systemd[1]: Mounted Huge Pages File System.
[[0;32m  OK  [0m] Mounted Huge Pages File System.
[    9.050717] systemd[1]: Mounted POSIX Message Queue File System.
[[0;32m  OK  [0m] Mounted POSIX Message Queue File System.
[    9.052487] systemd[1]: Mounted Debug File System.
[[0;32m  OK  [0m] Mounted Debug File System.
[    9.054883] systemd[1]: Started File System Check on Root Device.
[[0;32m  OK  [0m] Started File System Check on Root Device.
[    9.059936] systemd[1]: Started Create list of required static device nodes for the current kernel.
[[0;32m  OK  [0m] Started Create list of required sta...ce nodes for the current kernel.
[    9.065014] iscsi: registered transport (tcp)
[    9.068949] systemd[1]: Started Set console keymap.
[[0;32m  OK  [0m] Started Set console keymap.
[    9.076886] systemd[1]: Started Uncomplicated firewall.
[[0;32m  OK  [0m] Started Uncomplicated firewall.
[    9.087079] iscsi: registered transport (iser)
[    9.097190] systemd[1]: Started Nameserver information manager.
[[0;32m  OK  [0m] Started Nameserver information manager.
[    9.104828] systemd[1]: Started Load Kernel Modules.
[[0;32m  OK  [0m] Started Load Kernel Modules.
[    9.113612] systemd[1]: Started Journal Service.
[[0;32m  OK  [0m] Started Journal Service.
[[0;32m  OK  [0m] Started LVM2 metadata daemon.
[[0;32m  OK  [0m] Started File System Check Daemon to report status.
         Mounting FUSE Control File System...
         Starting Apply Kernel Variables...
         Starting Create Static Device Nodes in /dev...
         Starting Remount Root and Kernel File Systems...
[[0;32m  OK  [0m] Mounted FUSE Control File System.
[    9.128401] EXT4-fs (sda1): re-mounted. Opts: (null)
[[0;32m  OK  [0m] Started Apply Kernel Variables.
[[0;32m  OK  [0m] Started Remount Root and Kernel File Systems.
         Starting Flush Journal to Persistent Storage...
         Starting udev Coldplug all Devices...
         Starting Load/Save Random Seed...
[[0;32m  OK  [0m] Started Create Static Device Nodes in /dev.
[[0;32m  OK  [0m] Started Load/Save Random Seed.
         Starting udev Kernel Device Manager...
[[0;32m  OK  [0m] Started Flush Journal to Persistent Storage.
[[0;32m  OK  [0m] Started udev Kernel Device Manager.
[[0;32m  OK  [0m] Started udev Coldplug all Devices.
[[0;32m  OK  [0m] Started Dispatch Password Requests to Console Directory Watch.
[[0;32m  OK  [0m] Found device /dev/ttyS0.
[[0;32m  OK  [0m] Started Monitoring of LVM2 mirrors,...ng dmeventd or progress polling.
[[0;32m  OK  [0m] Reached target Local File Systems (Pre).
[[0;32m  OK  [0m] Reached target Local File Systems.
         Starting LSB: AppArmor initialization...
         Starting Set console font and keymap...
         Starting Tell Plymouth To Write Out Runtime Data...
         Starting Create Volatile Files and Directories...
         Starting Initial cloud-init job (pre-networking)...
         Starting Commit a transient machine-id on disk...
[[0;32m  OK  [0m] Started Create Volatile Files and Directories.
         Starting Update UTMP about System Boot/Shutdown...
[[0;32m  OK  [0m] Listening on Load/Save RF Kill Switch Status /dev/rfkill Watch.
[[0;32m  OK  [0m] Started Update UTMP about System Boot/Shutdown.
[[0;32m  OK  [0m] Started Tell Plymouth To Write Out Runtime Data.
[[0;32m  OK  [0m] Started Commit a transient machine-id on disk.
[    9.905541] cloud-init[571]: Cloud-init v. 21.1-19-gbad84ad4-0ubuntu1~16.04.2 running 'init-local' at Thu, 24 Mar 2022 07:57:42 +0000. Up 9.62 seconds.
[[0;32m  OK  [0m] Started LSB: AppArmor initialization.
         Starting Load AppArmor profiles managed internally by snapd...
[[0;32m  OK  [0m] Started Initial cloud-init job (pre-networking).
[[0;32m  OK  [0m] Started Load AppArmor profiles managed internally by snapd.
[[0;32m  OK  [0m] Started Set console font and keymap.
[[0;32m  OK  [0m] Created slice system-getty.slice.
[[0;32m  OK  [0m] Reached target Network (Pre).
         Starting Raise network interfaces...
[[0;32m  OK  [0m] Started Raise network interfaces.
[[0;32m  OK  [0m] Reached target Network.
         Starting Initial cloud-init job (metadata service crawler)...
[   10.780084] cloud-init[955]: Cloud-init v. 21.1-19-gbad84ad4-0ubuntu1~16.04.2 running 'init' at Thu, 24 Mar 2022 07:57:43 +0000. Up 10.42 seconds.
[   10.788252] cloud-init[955]: ci-info: ++++++++++++++++++++++++++++++++++++++Net device info+++++++++++++++++++++++++++++++++++++++
[   10.796273] cloud-init[955]: ci-info: +--------+-------+----------------------------+---------------+--------+-------------------+
[   10.804229] cloud-init[955]: ci-info: | Device |   Up  |          Address           |      Mask     | Scope  |     Hw-Address    |
[   10.812726] [cloud-init[0;32m  OK  [0m[955]: ] ci-info: +--------+-------+----------------------------+---------------+--------+-------------------+Started Initial cloud-init job (metadata service crawler).

[   10.813142] [[0;32m  OK  [0m] Reached target System Initialization.
[[0;32m  OK  [0m] Listening on UUID daemon activation socket.
[[0;32m  OK  [0m] Started Ubuntu Advantage update messaging.
[[0;32m  OK  [0m] Started Message of the Day.
cloud-init[955]: ci-info: | enp0s3 |  True |         10.0.2.15          | 255.255.255.0 | global | 02:be:82:6b:cc:1d |         Starting LXD - unix socket.
         Starting Socket activation for snappy daemon.
[[0;32m  OK  [0m] Started Daily Cleanup of Temporary Directories.
[[0;32m  OK  [0m] Listening on D-Bus System Message Bus Socket.
[[0;32m  OK  [0m] Listening on ACPID Listen Socket.
[[0;32m  OK  [0m] Started Daily apt download activities.
[[0;32m  OK  [0m] Started Daily apt upgrade and clean activities.
[[0;32m  OK  [0m] Reached target Timers.

[   10.820202] [[0;32m  OK  [0m] Started ACPI Events Check.
[[0;32m  OK  [0m] Reached target Paths.
[[0;32m  OK  [0m] Reached target Cloud-config availability.
[[0;32m  OK  [0m] Reached target Network is Online.
cloud-init[955]: ci-info: | enp0s3 |  True | fe80::be:82ff:fe6b:cc1d/64 |       .       |  link  | 02:be:82:6b:cc:1d |
[   10.822951] cloud-init[955]: ci-info: | enp0s8 | False |             .              |       .       |   .    | 08:00:27:8e:39:86 |
[   10.824193] cloud-init[955]: ci-info: |   lo   |  True |         127.0.0.1          |   255.0.0.0   |  host  |         .         |
[   10.825438] cloud-init[955]: ci-info: |   lo   |  True |          ::1/128           |       .       |  host  |         .         |
[   10.826691] cloud-init[955]: ci-info: +--------+-------+----------------------------+---------------+--------+-------------------+
[   10.827943] cloud-init[955]: ci-info: +++++++++++++++++++++++++++Route IPv4 info++++++++++++++++++++++++++++
[   10.829127] cloud-init[955]: ci-info: +-------+-------------+----------+---------------+-----------+-------+
[   10.830269] cloud-init[955]: ci-info: | Route | Destination | Gateway  |    Genmask    | Interface | Flags |
[   10.831406] cloud-init[955]: ci-info: +-------+-------------+----------+---------------+-----------+-------+         Starting iSCSI initiator daemon (iscsid)...
[[0;32m  OK  [0m] Listening on LXD - unix socket.
[[0;32m  OK  [0m] Listening on Socket activation for snappy daemon.
[[0;32m  OK  [0m] Reached target Sockets.
[[0;32m  OK  [0m] Reached target Basic System.
         Starting Login Service...
         Starting Virtualbox guest utils...

[   10.835416] cloud-init[955]: ci-info: |   0   |   0.0.0.0   | 10.0.2.2 |    0.0.0.0    |   enp0s3  |   UG  |[[0;32m  OK  [0m] Started FUSE filesystem for LXC.
         Starting Pollinate to seed the pseudo random number generator...
         Starting LSB: Record successful boot for GRUB...
         Starting Accounts Service...

[   10.843765] cloud-init[955]: ci-info: |   1   |   10.0.2.0  | 0.0.0.0  | 255.255.255.0 |   enp0s3  |   U   |
[   10.845167] cloud-init[955]: ci-info: +-------+-------------+----------+---------------+-----------+-------+
[   10.846714] cloud-init[955]: ci-info: +++++++++++++++++++Route IPv6 info+++++++++++++++++++
[   10.848005] cloud-init[955]: ci-info: +-------+-------------+---------+-----------+-------+
[   10.855054] [[0;32m  OK  [0m] Started ACPI event daemon.
cloud-init[[0;32m  OK  [0m] Started Deferred execution scheduler.
[955]: ci-info: | Route | Destination | Gateway | Interface | Flags |[[0;32m  OK  [0m] Started D-Bus System Message Bus.

[   10.859451] cloud-init[955]: ci-info: +-------+-------------+---------+-----------+-------+
[   10.861707] cloud-init[955]: ci-info: |   0   |  fe80::/64  |    ::   |   enp0s3  |   U   |
[   10.865740] cloud-init[955]: ci-info: |   3   |   ff00::/8  |    ::   |   enp0s3  |   U   |
[   10.867682] cloud-init[955]: ci-info: +-------+-------------+---------+-----------+-------+
[   10.870090] cloud-init[955]: Generating public/private rsa key pair.
[   10.871498] cloud-init[955]: Your identification has been saved in /etc/ssh/ssh_host_rsa_key.
[   10.872845] cloud-init[955]: Your public key has been saved in /etc/ssh/ssh_host_rsa_key.pub.
[   10.874117] cloud-init[955]: The key fingerprint is:
[   10.874993] cloud-init[955]: SHA256:wyUSlMniZdRx2vCsDz2N7DoGrOU2uRFicz6FX8r8jUo root@ubuntu-xenial
[   10.876574] cloud-init[955]: The key's randomart image is:[[0;32m  OK  [0m] Started Regular background program processing daemon.

         Starting Snap Daemon...
[   10.878288] cloud-init         Starting /etc/rc.local Compatibility...
         Starting LXD - container startup/shutdown...
         Starting LSB: MD monitoring daemon...
[955]: +---[RSA 2048]----+         Starting System Logging Service...

[   10.881796] cloud-init[955]: |     +++o..      |[[0;32m  OK  [0m] Started /etc/rc.local Compatibility.
[[0;32m  OK  [0m] Started iSCSI initiator daemon (iscsid).
         Starting Login to default iSCSI targets...

[[0;32m  OK  [0m] Started Login Service.
[[0;32m  OK  [0m] Started Unattended Upgrades Shutdown.
[   10.906774] [[0;32m  OK  [0m] Started System Logging Service.
cloud-init[955]: |    . *..B       |
[   10.910331] cloud-init[[0;32m  OK  [0m] Started Login to default iSCSI targets.
[[0;32m  OK  [0m] Reached target Remote File Systems (Pre).
[[0;32m  OK  [0m] Reached target Remote File Systems.
         Starting LSB: automatic crash report generation...
         Starting Permit User Sessions...
         Starting LSB: Set the CPU Frequency Scaling governor to "ondemand"...
         Starting LSB: daemon to balance interrupts for SMP systems...
[[0;32m  OK  [0m] Started LSB: Record successful boot for GRUB.
[955]: |   . +. o =      |
[   10.931857] cloud-init[955]: |    .  + * o     |
[   10.933263] cloud-init[955]: |    +.+ S * .    |
[   10.934021] cloud-init[955]: |   . =+* B .     |
[   10.937468] cloud-init[955]: |     ++oE o      |
[   10.938308] cloud-init[955]: |    . =+oo o     |
[   10.939059] cloud-init[955]: |     ..+ooo .    |
[   10.941149] cloud-init[955]: +----[SHA256]-----+
[   10.948258] cloud-init[955]: Generating public/private dsa key pair.
[   10.951399] cloud-init[955]: Your identification has been saved in /etc/ssh/ssh_host_dsa_key.
[[0;32m  OK  [0m] Started Permit User Sessions.
[   10.952726] cloud-init[955]: Your public key has been saved in /etc/ssh/ssh_host_dsa_key.pub.
[   10.956104] cloud-init[955]: The key fingerprint is:
[   10.956966] cloud-init[955]: SHA256:Av80pXN0dxrP7oXudLvpwXOKezkiPoWvBOZNgjB6PR4 root@ubuntu-xenial
         Starting Terminate Plymouth Boot Screen...
[   10.968123] cloud-init         Starting Hold until boot process finishes up...
         Starting Authenticate and Authorize Users to Run Privileged Tasks...
[[0;32m  OK  [0m] Started LSB: MD monitoring daemon.
[[0;32m  OK  [0m] Started LSB: Set the CPU Frequency Scaling governor to "ondemand".
[955]: The key's randomart image is:
[   10.975496] [[0;32m  OK  [0m] Started Hold until boot process finishes up.
cloud-init[955]: +---[DSA 1024]----+
[[0;32m  OK  [0m] Started Terminate Plymouth Boot Screen.
         Starting Set console scheme...
[[0;32m  OK  [0m] Started Serial Getty on ttyS0.
[[0;32m  OK  [0m] Started Getty on tty1.
[[0;32m  OK  [0m] Reached target Login Prompts.
[[0;32m  OK  [0m] Started Set console scheme.
[   10.986076] cloud-init[955]: |                 |
[   10.990539] cloud-init[955]: |                 |
[   10.991247] cloud-init[955]: |    +     o . o .|
[   10.994771] cloud-init[955]: |   . * . + . . * |
[[0;32m  OK  [0m] Started LSB: automatic crash report generation.
[   10.997088] cloud-init[955]: |  . . E S o.  . o|
[   11.014198] [[0;32m  OK  [0m] Started Virtualbox guest utils.
cloud-init[955]: |   . . O O. . .o |
[   11.015828] cloud-init[955]: |      . o oo  o==|
[   11.016767] cloud-init[955]: |         .o o+++B|
[   11.029545] [[0;32m  OK  [0m] Started LSB: daemon to balance interrupts for SMP systems.
cloud-init[955]: |         .o+o==*o|
[   11.030893] cloud-init[955]: +----[SHA256]-----+
[   11.031695] cloud-init[955]: Generating public/private ecdsa key pair.
[   11.033134] cloud-init[955]: Your identification has been saved in /etc/ssh/ssh_host_ecdsa_key.
[   11.036722] cloud-init[955]: Your public key has been saved in /etc/ssh/ssh_host_ecdsa_key.pub.
[   11.037922] cloud-init[955]: The key fingerprint is:
[   11.038680] cloud-init[955]: SHA256:xVbH5Bq2o7OlvWnIyVWcGsGVE61m2ORDh0ELdzrpvW8 root@ubuntu-xenial
[   11.039835] cloud-init[955]: The key's randomart image is:
[   11.044571] [[0;32m  OK  [0m] Started Authenticate and Authorize Users to Run Privileged Tasks.
cloud-init[955]: +---[ECDSA 256]---+
[   11.045680] cloud-init[955]: |           .o=O*.|
[   11.046580] cloud-init[955]: |         . .o=B=o|
[   11.050698] cloud-init[[0;32m  OK  [0m] Started Accounts Service.
[955]: |          + oO*= |
[   11.052273] cloud-init[955]: |         o .o=@o |
[   11.053134] cloud-init[955]: |        S   +*...|
[   11.056283] cloud-init[955]: |           .o.  .|
[   11.057404] cloud-init[955]: |         oo+.  . |
[   11.058526] cloud-init[955]: |          =*..  E|
[[0;32m  OK  [0m] Started LXD - container startup/shutdown.
[   11.077719] cloud-init[955]: |          o.+. ..|
[   11.096815] cloud-init[955]: +----[SHA256]-----+
[   11.104225] cloud-init[955]: Generating public/private ed25519 key pair.
[   11.113250] cloud-init[955]: Your identification has been saved in /etc/ssh/ssh_host_ed25519_key.
[   11.132709] cloud-init[955]: Your public key has been saved in /etc/ssh/ssh_host_ed25519_key.pub.
[   11.152220] cloud-init[955]: The key fingerprint is:
[   11.160329] cloud-init[955]: SHA256:HX1OCrxXmqZyC/qguagaCpa316ttsRRq9tu/OkXs+20 root@ubuntu-xenial
[   11.161058] cloud-init[955]: The key's randomart image is:
[   11.161507] cloud-init[955]: +--[ED25519 256]--+
[   11.162173] cloud-init[955]: |                 |
[   11.162825] cloud-init[955]: |         . .     |
[   11.163824] cloud-init[955]: |          = . +  |
[   11.164576] cloud-init[955]: |       . . * O   |
[   11.165238] cloud-init[955]: |      . S = * .  |
[   11.165889] cloud-init[955]: |  .  + o   *     |
[   11.168941] cloud-init[955]: |oo .o = = + .    |
[   11.169526] cloud-init[955]: |+....+.B.= o  .E |
[   11.170050] cloud-init[955]: |=...=o+=+o=oo... |
[   11.176815] cloud-init[955]: +----[SHA256]-----+
[[0;32m  OK  [0m] Started Snap Daemon.
         Starting Wait until snapd is fully seeded...
[[0;32m  OK  [0m] Started Pollinate to seed the pseudo random number generator.
         Starting OpenBSD Secure Shell server...
[[0;32m  OK  [0m] Started OpenBSD Secure Shell server.
[[0;32m  OK  [0m] Created slice User Slice of vagrant.
         Starting User Manager for UID 1000...
[[0;32m  OK  [0m] Started Session 1 of user vagrant.
[[0;32m  OK  [0m] Started User Manager for UID 1000.
[[0;32m  OK  [0m] Started Wait until snapd is fully seeded.
[[0;32m  OK  [0m] Reached target Multi-User System.
[[0;32m  OK  [0m] Reached target Graphical Interface.
         Starting Update UTMP about System Runlevel Changes...
         Starting Apply the settings specified in cloud-config...
[[0;32m  OK  [0m] Started Update UTMP about System Runlevel Changes.
[   12.586775] cloud-init[1335]: Generating locales (this might take a while)...
[   13.227076] cloud-init[1335]:   en_US.UTF-8... done
[   13.227829] cloud-init[1335]: Generation complete.
[   13.446688] cloud-init[1335]: Cloud-init v. 21.1-19-gbad84ad4-0ubuntu1~16.04.2 running 'modules:config' at Thu, 24 Mar 2022 07:57:45 +0000. Up 12.50 seconds.
[[0;32m  OK  [0m] Started Apply the settings specified in cloud-config.
         Starting Execute cloud user/final scripts...
ci-info: no authorized SSH keys fingerprints found for user ubuntu.
<14>Mar 24 07:57:46 ec2: 
<14>Mar 24 07:57:46 ec2: #############################################################
<14>Mar 24 07:57:46 ec2: -----BEGIN SSH HOST KEY FINGERPRINTS-----
<14>Mar 24 07:57:46 ec2: 1024 SHA256:Av80pXN0dxrP7oXudLvpwXOKezkiPoWvBOZNgjB6PR4 root@ubuntu-xenial (DSA)
<14>Mar 24 07:57:46 ec2: 256 SHA256:xVbH5Bq2o7OlvWnIyVWcGsGVE61m2ORDh0ELdzrpvW8 root@ubuntu-xenial (ECDSA)
<14>Mar 24 07:57:46 ec2: 256 SHA256:HX1OCrxXmqZyC/qguagaCpa316ttsRRq9tu/OkXs+20 root@ubuntu-xenial (ED25519)
<14>Mar 24 07:57:46 ec2: 2048 SHA256:wyUSlMniZdRx2vCsDz2N7DoGrOU2uRFicz6FX8r8jUo root@ubuntu-xenial (RSA)
<14>Mar 24 07:57:46 ec2: -----END SSH HOST KEY FINGERPRINTS-----
<14>Mar 24 07:57:46 ec2: #############################################################
-----BEGIN SSH HOST KEY KEYS-----
ecdsa-sha2-nistp256 AAAAE2VjZHNhLXNoYTItbmlzdHAyNTYAAAAIbmlzdHAyNTYAAABBBOYuuK6LUdijIFLYpHhbuYXzPwPzUXypCtRFVBJJj//zD+VEYAIkeCdlfTsrf/T8cl5f+DL2Agqp3UmpVlvZoKU= root@ubuntu-xenial
ssh-ed25519 AAAAC3NzaC1lZDI1NTE5AAAAIPE71Baq05UZLbYnyPkSbEBXT6U3kl6UfOgbS6d0nbse root@ubuntu-xenial
ssh-rsa AAAAB3NzaC1yc2EAAAADAQABAAABAQDBO+B+k40RytdDHcttyWQ2q5GY6Kzvs2QHEBgUYB4jZUtPqH1RMOAqouBSm6OzUPUqe1auGxykrMvbcmqH4KwaqMowcEV9cQ5jbyvl0twpXTetG/U9VO24fTj342p0X/r7y9BKAC/VCv7OqhhUn/7F+oRW/lUg9zQc4o4sNee4Z9+Izf1umzolnJbnod40yR/SxFasSPiQPff5s+m9tcXKlWgwb2TQ2D98q+Q0nGG1rzzoC9e0zlInYtlTtWSA5Mw+EsYf8wHjp95S/R0bfOCE0gCK1oUJG/7nVmAKGxrGdzyLT8k/N/XtLG2Nams2qfOBw8LCElpqQSt67g//Fi+V root@ubuntu-xenial
-----END SSH HOST KEY KEYS-----
[   13.758272] cloud-init[1494]: Cloud-init v. 21.1-19-gbad84ad4-0ubuntu1~16.04.2 running 'modules:final' at Thu, 24 Mar 2022 07:57:46 +0000. Up 13.64 seconds.
[   13.768227] cloud-init[1494]: ci-info: no authorized SSH keys fingerprints found for user ubuntu.
[   13.769028] cloud-init[1494]: Cloud-init v. 21.1-19-gbad84ad4-0ubuntu1~16.04.2 finished at Thu, 24 Mar 2022 07:57:46 +0000. Datasource DataSourceNoCloud [seed=/dev/sdb][dsmode=net].  Up 13.75 seconds
[[0;32m  OK  [0m] Started Execute cloud user/final scripts.
[[0;32m  OK  [0m] Reached target Cloud-init target.

Ubuntu 16.04.7 LTS ubuntu-xenial ttyS0

ubuntu-xenial login: 