[    0.000000] Initializing cgroup subsys cpuset
[    0.000000] Initializing cgroup subsys cpu
[    0.000000] Initializing cgroup subsys cpuacct
[    0.000000] Linux version 4.4.0-210-generic (buildd@lgw01-amd64-009) (gcc version 5.4.0 20160609 (Ubuntu 5.4.0-6ubuntu1~16.04.12) ) #242-Ubuntu SMP Fri Apr 16 09:57:56 UTC 2021 (Ubuntu 4.4.0-210.242-generic 4.4.262)
[    0.000000] Command line: BOOT_IMAGE=/boot/vmlinuz-4.4.0-210-generic root=LABEL=cloudimg-rootfs ro console=tty1 console=ttyS0
[    0.000000] KERNEL supported cpus:
[    0.000000]   Intel GenuineIntel
[    0.000000]   AMD AuthenticAMD
[    0.000000]   Centaur CentaurHauls
[    0.000000] x86/fpu: xstate_offset[2]:  576, xstate_sizes[2]:  256
[    0.000000] x86/fpu: Supporting XSAVE feature 0x01: 'x87 floating point registers'
[    0.000000] x86/fpu: Supporting XSAVE feature 0x02: 'SSE registers'
[    0.000000] x86/fpu: Supporting XSAVE feature 0x04: 'AVX registers'
[    0.000000] x86/fpu: Enabled xstate features 0x7, context size is 832 bytes, using 'standard' format.
[    0.000000] e820: BIOS-provided physical RAM map:
[    0.000000] BIOS-e820: [mem 0x0000000000000000-0x000000000009fbff] usable
[    0.000000] BIOS-e820: [mem 0x000000000009fc00-0x000000000009ffff] reserved
[    0.000000] BIOS-e820: [mem 0x00000000000f0000-0x00000000000fffff] reserved
[    0.000000] BIOS-e820: [mem 0x0000000000100000-0x000000007ffeffff] usable
[    0.000000] BIOS-e820: [mem 0x000000007fff0000-0x000000007fffffff] ACPI data
[    0.000000] BIOS-e820: [mem 0x00000000fec00000-0x00000000fec00fff] reserved
[    0.000000] BIOS-e820: [mem 0x00000000fee00000-0x00000000fee00fff] reserved
[    0.000000] BIOS-e820: [mem 0x00000000fffc0000-0x00000000ffffffff] reserved
[    0.000000] NX (Execute Disable) protection: active
[    0.000000] SMBIOS 2.5 present.
[    0.000000] Hypervisor detected: KVM
[    0.000000] Kernel/User page tables isolation: disabled
[    0.000000] e820: last_pfn = 0x7fff0 max_arch_pfn = 0x400000000
[    0.000000] MTRR: Disabled
[    0.000000] x86/PAT: MTRRs disabled, skipping PAT initialization too.
[    0.000000] CPU MTRRs all blank - virtualized system.
[    0.000000] x86/PAT: Configuration [0-7]: WB  WT  UC- UC  WB  WT  UC- UC  
[    0.000000] found SMP MP-table at [mem 0x0009fff0-0x0009ffff] mapped at [ffff88000009fff0]
[    0.000000] Scanning 1 areas for low memory corruption
[    0.000000] RAMDISK: [mem 0x362dc000-0x37165fff]
[    0.000000] ACPI: Early table checksum verification disabled
[    0.000000] ACPI: RSDP 0x00000000000E0000 000024 (v02 VBOX  )
[    0.000000] ACPI: XSDT 0x000000007FFF0030 00003C (v01 VBOX   VBOXXSDT 00000001 ASL  00000061)
[    0.000000] ACPI: FACP 0x000000007FFF00F0 0000F4 (v04 VBOX   VBOXFACP 00000001 ASL  00000061)
[    0.000000] ACPI: DSDT 0x000000007FFF0470 002325 (v02 VBOX   VBOXBIOS 00000002 INTL 20100528)
[    0.000000] ACPI: FACS 0x000000007FFF0200 000040
[    0.000000] ACPI: FACS 0x000000007FFF0200 000040
[    0.000000] ACPI: APIC 0x000000007FFF0240 00005C (v02 VBOX   VBOXAPIC 00000001 ASL  00000061)
[    0.000000] ACPI: SSDT 0x000000007FFF02A0 0001CC (v01 VBOX   VBOXCPUT 00000002 INTL 20100528)
[    0.000000] No NUMA configuration found
[    0.000000] Faking a node at [mem 0x0000000000000000-0x000000007ffeffff]
[    0.000000] NODE_DATA(0) allocated [mem 0x7ffeb000-0x7ffeffff]
[    0.000000] kvm-clock: Using msrs 4b564d01 and 4b564d00
[    0.000000] kvm-clock: cpu 0, msr 0:7ffe3001, primary cpu clock
[    0.000000] kvm-clock: using sched offset of 3252101030 cycles
[    0.000000] clocksource: kvm-clock: mask: 0xffffffffffffffff max_cycles: 0x1cd42e4dffb, max_idle_ns: 881590591483 ns
[    0.000000] Zone ranges:
[    0.000000]   DMA      [mem 0x0000000000001000-0x0000000000ffffff]
[    0.000000]   DMA32    [mem 0x0000000001000000-0x000000007ffeffff]
[    0.000000]   Normal   empty
[    0.000000]   Device   empty
[    0.000000] Movable zone start for each node
[    0.000000] Early memory node ranges
[    0.000000]   node   0: [mem 0x0000000000001000-0x000000000009efff]
[    0.000000]   node   0: [mem 0x0000000000100000-0x000000007ffeffff]
[    0.000000] Initmem setup node 0 [mem 0x0000000000001000-0x000000007ffeffff]
[    0.000000] ACPI: PM-Timer IO Port: 0x4008
[    0.000000] IOAPIC[0]: apic_id 2, version 32, address 0xfec00000, GSI 0-23
[    0.000000] ACPI: INT_SRC_OVR (bus 0 bus_irq 0 global_irq 2 dfl dfl)
[    0.000000] ACPI: INT_SRC_OVR (bus 0 bus_irq 9 global_irq 9 low level)
[    0.000000] Using ACPI (MADT) for SMP configuration information
[    0.000000] smpboot: Allowing 2 CPUs, 0 hotplug CPUs
[    0.000000] PM: Registered nosave memory: [mem 0x00000000-0x00000fff]
[    0.000000] PM: Registered nosave memory: [mem 0x0009f000-0x0009ffff]
[    0.000000] PM: Registered nosave memory: [mem 0x000a0000-0x000effff]
[    0.000000] PM: Registered nosave memory: [mem 0x000f0000-0x000fffff]
[    0.000000] e820: [mem 0x80000000-0xfebfffff] available for PCI devices
[    0.000000] Booting paravirtualized kernel on KVM
[    0.000000] clocksource: refined-jiffies: mask: 0xffffffff max_cycles: 0xffffffff, max_idle_ns: 7645519600211568 ns
[    0.000000] setup_percpu: NR_CPUS:512 nr_cpumask_bits:512 nr_cpu_ids:2 nr_node_ids:1
[    0.000000] PERCPU: Embedded 33 pages/cpu @ffff88007fc00000 s95192 r8192 d31784 u1048576
[    0.000000] Built 1 zonelists in Node order, mobility grouping on.  Total pages: 515960
[    0.000000] Policy zone: DMA32
[    0.000000] Kernel command line: BOOT_IMAGE=/boot/vmlinuz-4.4.0-210-generic root=LABEL=cloudimg-rootfs ro console=tty1 console=ttyS0
[    0.000000] PID hash table entries: 4096 (order: 3, 32768 bytes)
[    0.000000] Memory: 2029984K/2096696K available (8644K kernel code, 1332K rwdata, 4044K rodata, 1492K init, 1164K bss, 66712K reserved, 0K cma-reserved)
[    0.000000] SLUB: HWalign=64, Order=0-3, MinObjects=0, CPUs=2, Nodes=1
[    0.000000] Hierarchical RCU implementation.
[    0.000000] 	Build-time adjustment of leaf fanout to 64.
[    0.000000] 	RCU restricting CPUs from NR_CPUS=512 to nr_cpu_ids=2.
[    0.000000] RCU: Adjusting geometry for rcu_fanout_leaf=64, nr_cpu_ids=2
[    0.000000] NR_IRQS:33024 nr_irqs:440 16
[    0.000000] Console: colour VGA+ 80x25
[    0.000000] console [tty1] enabled
[    0.000000] console [ttyS0] enabled
[    0.000000] tsc: Detected 2592.000 MHz processor
[    0.141514] Calibrating delay loop (skipped) preset value.. 5184.00 BogoMIPS (lpj=10368000)
[    0.142861] pid_max: default: 32768 minimum: 301
[    0.143587] ACPI: Core revision 20150930
[    0.144912] ACPI: 2 ACPI AML tables successfully acquired and loaded
[    0.146437] Security Framework initialized
[    0.147239] Yama: becoming mindful.
[    0.147959] AppArmor: AppArmor initialized
[    0.150934] Dentry cache hash table entries: 262144 (order: 9, 2097152 bytes)
[    0.152369] Inode-cache hash table entries: 131072 (order: 8, 1048576 bytes)
[    0.153573] Mount-cache hash table entries: 4096 (order: 3, 32768 bytes)
[    0.154531] Mountpoint-cache hash table entries: 4096 (order: 3, 32768 bytes)
[    0.157758] Initializing cgroup subsys io
[    0.158528] Initializing cgroup subsys memory
[    0.159230] Initializing cgroup subsys devices
[    0.159992] Initializing cgroup subsys freezer
[    0.161033] Initializing cgroup subsys net_cls
[    0.162080] Initializing cgroup subsys perf_event
[    0.162813] Initializing cgroup subsys net_prio
[    0.163525] Initializing cgroup subsys hugetlb
[    0.164226] Initializing cgroup subsys pids
[    0.165858] mce: CPU supports 0 MCE banks
[    0.166570] Last level iTLB entries: 4KB 64, 2MB 8, 4MB 8
[    0.167382] Last level dTLB entries: 4KB 64, 2MB 0, 4MB 0, 1GB 4
[    0.168274] Spectre V1 : Mitigation: usercopy/swapgs barriers and __user pointer sanitization
[    0.169608] Spectre V2 : Mitigation: Full generic retpoline
[    0.170436] Spectre V2 : Spectre v2 / SpectreRSB mitigation: Filling RSB on context switch
[    0.171727] Speculative Store Bypass: Vulnerable
[    0.172449] TAA: Mitigation: TSX disabled
[    0.173108] SRBDS: Mitigation: TSX disabled
[    0.175959] Freeing SMP alternatives memory: 36K
[    0.181558] ftrace: allocating 32380 entries in 127 pages
[    0.229746] smpboot: APIC(0) Converting physical 0 to logical package 0
[    0.231191] smpboot: Max logical packages: 1
[    0.232301] x2apic enabled
[    0.233198] Switched APIC routing to physical x2apic.
[    0.235159] ..TIMER: vector=0x30 apic1=0 pin1=2 apic2=-1 pin2=-1
[    0.344125] smpboot: CPU0: Intel(R) Core(TM) i7-9850H CPU @ 2.60GHz (family: 0x6, model: 0x9e, stepping: 0xd)
[    0.346433] Performance Events: unsupported p6 CPU model 158 no PMU driver, software events only.
[    0.367821] KVM setup paravirtual spinlock
[    0.369217] x86: Booting SMP configuration:
[    0.370264] .... node  #0, CPUs:      #1
[    0.371334] kvm-clock: cpu 1, msr 0:7ffe3041, secondary cpu clock
[    0.372884] mce: CPU supports 0 MCE banks
[    0.375304] x86: Booted up 1 node, 2 CPUs
[    0.376138] smpboot: Total of 2 processors activated (10368.00 BogoMIPS)
[    0.377472] devtmpfs: initialized
[    0.379790] evm: security.selinux
[    0.380604] evm: security.SMACK64
[    0.381303] evm: security.SMACK64EXEC
[    0.382211] evm: security.SMACK64TRANSMUTE
[    0.383144] evm: security.SMACK64MMAP
[    0.384089] evm: security.ima
[    0.384649] evm: security.capability
[    0.385444] clocksource: jiffies: mask: 0xffffffff max_cycles: 0xffffffff, max_idle_ns: 7645041785100000 ns
[    0.387006] futex hash table entries: 512 (order: 3, 32768 bytes)
[    0.388128] pinctrl core: initialized pinctrl subsystem
[    0.389027] RTC time: 10:39:06, date: 03/18/22
[    0.389877] NET: Registered protocol family 16
[    0.401423] cpuidle: using governor ladder
[    0.418841] cpuidle: using governor menu
[    0.420556] PCCT header not found.
[    0.421463] ACPI: bus type PCI registered
[    0.422287] acpiphp: ACPI Hot Plug PCI Controller Driver version: 0.5
[    0.423773] PCI: Using configuration type 1 for base access
[    0.439434] ACPI: Added _OSI(Module Device)
[    0.440241] ACPI: Added _OSI(Processor Device)
[    0.441240] ACPI: Added _OSI(3.0 _SCP Extensions)
[    0.442040] ACPI: Added _OSI(Processor Aggregator Device)
[    0.443436] ACPI: Executed 1 blocks of module-level executable AML code
[    0.448214] ACPI: Interpreter enabled
[    0.448921] ACPI: (supports S0 S5)
[    0.449527] ACPI: Using IOAPIC for interrupt routing
[    0.450482] PCI: Using host bridge windows from ACPI; if necessary, use "pci=nocrs" and report a bug
[    0.455374] ACPI: PCI Root Bridge [PCI0] (domain 0000 [bus 00-ff])
[    0.457067] acpi PNP0A03:00: _OSC: OS supports [ASPM ClockPM Segments MSI]
[    0.458495] acpi PNP0A03:00: _OSC: not requesting OS control; OS requires [ExtendedConfig ASPM ClockPM MSI]
[    0.460595] acpi PNP0A03:00: fail to add MMCONFIG information, can't access extended PCI configuration space under this bridge.
[    0.463504] PCI host bridge to bus 0000:00
[    0.464484] pci_bus 0000:00: root bus resource [io  0x0000-0x0cf7 window]
[    0.465732] pci_bus 0000:00: root bus resource [io  0x0d00-0xffff window]
[    0.467036] pci_bus 0000:00: root bus resource [mem 0x000a0000-0x000bffff window]
[    0.468674] pci_bus 0000:00: root bus resource [mem 0x80000000-0xfdffffff window]
[    0.470106] pci_bus 0000:00: root bus resource [bus 00-ff]
[    0.473110] pci 0000:00:01.1: legacy IDE quirk: reg 0x10: [io  0x01f0-0x01f7]
[    0.474236] pci 0000:00:01.1: legacy IDE quirk: reg 0x14: [io  0x03f6]
[    0.475490] pci 0000:00:01.1: legacy IDE quirk: reg 0x18: [io  0x0170-0x0177]
[    0.485773] pci 0000:00:01.1: legacy IDE quirk: reg 0x1c: [io  0x0376]
[    0.506081] pci 0000:00:07.0: quirk: [io  0x4000-0x403f] claimed by PIIX4 ACPI
[    0.507792] pci 0000:00:07.0: quirk: [io  0x4100-0x410f] claimed by PIIX4 SMB
[    0.521538] ACPI: PCI Interrupt Link [LNKA] (IRQs 5 9 10 *11)
[    0.523269] ACPI: PCI Interrupt Link [LNKB] (IRQs 5 9 *10 11)
[    0.524670] ACPI: PCI Interrupt Link [LNKC] (IRQs 5 *9 10 11)
[    0.525974] ACPI: PCI Interrupt Link [LNKD] (IRQs 5 9 10 *11)
[    0.527342] ACPI: Enabled 2 GPEs in block 00 to 07
[    0.528885] vgaarb: setting as boot device: PCI:0000:00:02.0
[    0.529836] vgaarb: device added: PCI:0000:00:02.0,decodes=io+mem,owns=io+mem,locks=none
[    0.531187] vgaarb: loaded
[    0.531729] vgaarb: bridge control possible 0000:00:02.0
[    0.532983] SCSI subsystem initialized
[    0.533905] ACPI: bus type USB registered
[    0.534621] usbcore: registered new interface driver usbfs
[    0.535575] usbcore: registered new interface driver hub
[    0.543430] usbcore: registered new device driver usb
[    0.544669] PCI: Using ACPI for IRQ routing
[    0.545624] NetLabel: Initializing
[    0.546252] NetLabel:  domain hash size = 128
[    0.546989] NetLabel:  protocols = UNLABELED CIPSOv4
[    0.547855] NetLabel:  unlabeled traffic allowed by default
[    0.548966] amd_nb: Cannot enumerate AMD northbridges
[    0.549834] clocksource: Switched to clocksource kvm-clock
[    0.559281] AppArmor: AppArmor Filesystem Enabled
[    0.560112] pnp: PnP ACPI init
[    0.561302] pnp: PnP ACPI: found 3 devices
[    0.570994] clocksource: acpi_pm: mask: 0xffffff max_cycles: 0xffffff, max_idle_ns: 2085701024 ns
[    0.572591] NET: Registered protocol family 2
[    0.573472] TCP established hash table entries: 16384 (order: 5, 131072 bytes)
[    0.574767] TCP bind hash table entries: 16384 (order: 6, 262144 bytes)
[    0.575966] TCP: Hash tables configured (established 16384 bind 16384)
[    0.577140] UDP hash table entries: 1024 (order: 3, 32768 bytes)
[    0.578132] UDP-Lite hash table entries: 1024 (order: 3, 32768 bytes)
[    0.579382] NET: Registered protocol family 1
[    0.580128] pci 0000:00:00.0: Limiting direct PCI/PCI transfers
[    0.581244] pci 0000:00:01.0: Activating ISA DMA hang workarounds
[    0.582420] Unpacking initramfs...
[    0.789846] Freeing initrd memory: 14888K
[    0.790946] clocksource: tsc: mask: 0xffffffffffffffff max_cycles: 0x255cb6cc5db, max_idle_ns: 440795203504 ns
[    0.793023] platform rtc_cmos: registered platform RTC device (no PNP device found)
[    0.795423] Scanning for low memory corruption every 60 seconds
[    0.796701] audit: initializing netlink subsys (disabled)
[    0.797532] audit: type=2000 audit(1647599951.915:1): initialized
[    0.798642] Initialise system trusted keyring
[    0.799521] HugeTLB registered 2 MB page size, pre-allocated 0 pages
[    0.801455] zbud: loaded
[    0.802208] VFS: Disk quotas dquot_6.6.0
[    0.802883] VFS: Dquot-cache hash table entries: 512 (order 0, 4096 bytes)
[    0.804030] squashfs: version 4.0 (2009/01/31) Phillip Lougher
[    0.805168] fuse init (API version 7.23)
[    0.805994] Key type big_key registered
[    0.806646] Allocating IMA MOK and blacklist keyrings.
[    0.808419] Key type asymmetric registered
[    0.809087] Asymmetric key parser 'x509' registered
[    0.809871] Block layer SCSI generic (bsg) driver version 0.4 loaded (major 249)
[    0.811181] io scheduler noop registered
[    0.811828] io scheduler deadline registered (default)
[    0.812647] io scheduler cfq registered
[    0.813348] pci_hotplug: PCI Hot Plug PCI Core version: 0.5
[    0.814208] pciehp: PCI Express Hot Plug Controller Driver version: 0.4
[    0.815260] ACPI: AC Adapter [AC] (on-line)
[    0.815982] input: Power Button as /devices/LNXSYSTM:00/LNXPWRBN:00/input/input0
[    0.817283] ACPI: Power Button [PWRF]
[    0.818090] input: Sleep Button as /devices/LNXSYSTM:00/LNXSLPBN:00/input/input1
[    0.819286] ACPI: Sleep Button [SLPF]
[    0.820127] GHES: HEST is not enabled!
[    0.820588] ACPI: Battery Slot [BAT0] (battery present)
[    0.821689] Serial: 8250/16550 driver, 32 ports, IRQ sharing enabled
[    0.843049] 00:02: ttyS0 at I/O 0x3f8 (irq = 4, base_baud = 115200) is a 16550A
[    0.846955] Linux agpgart interface v0.103
[    0.849145] loop: module loaded
[    0.850320] scsi host0: ata_piix
[    0.851250] scsi host1: ata_piix
[    0.851996] ata1: PATA max UDMA/33 cmd 0x1f0 ctl 0x3f6 bmdma 0xd000 irq 14
[    0.853385] ata2: PATA max UDMA/33 cmd 0x170 ctl 0x376 bmdma 0xd008 irq 15
[    0.854747] libphy: Fixed MDIO Bus: probed
[    0.855417] tun: Universal TUN/TAP device driver, 1.6
[    0.856193] tun: (C) 1999-2004 Max Krasnyansky <maxk@qualcomm.com>
[    0.857278] PPP generic driver version 2.4.2
[    0.858177] ehci_hcd: USB 2.0 'Enhanced' Host Controller (EHCI) Driver
[    0.859128] ehci-pci: EHCI PCI platform driver
[    0.859849] ehci-platform: EHCI generic platform driver
[    0.860653] ohci_hcd: USB 1.1 'Open' Host Controller (OHCI) Driver
[    0.861566] ohci-pci: OHCI PCI platform driver
[    0.862302] ohci-platform: OHCI generic platform driver
[    0.863108] uhci_hcd: USB Universal Host Controller Interface driver
[    0.871061] i8042: PNP: PS/2 Controller [PNP0303:PS2K,PNP0f03:PS2M] at 0x60,0x64 irq 1,12
[    0.880025] serio: i8042 KBD port at 0x60,0x64 irq 1
[    0.881241] serio: i8042 AUX port at 0x60,0x64 irq 12
[    0.889278] mousedev: PS/2 mouse device common for all mice
[    0.911431] input: AT Translated Set 2 keyboard as /devices/platform/i8042/serio0/input/input2
[    0.913715] rtc_cmos rtc_cmos: rtc core: registered rtc_cmos as rtc0
[    0.914712] rtc_cmos rtc_cmos: alarms up to one day, 114 bytes nvram
[    0.915706] i2c /dev entries driver
[    0.916344] device-mapper: uevent: version 1.0.3
[    0.917250] device-mapper: ioctl: 4.34.0-ioctl (2015-10-28) initialised: dm-devel@redhat.com
[    0.918908] ledtrig-cpu: registered to indicate activity on CPUs
[    0.920151] NET: Registered protocol family 10
[    0.921011] NET: Registered protocol family 17
[    0.921729] Key type dns_resolver registered
[    0.922888] registered taskstats version 1
[    0.923570] Loading compiled-in X.509 certificates
[    0.924722] Loaded X.509 cert 'Build time autogenerated kernel key: cf00e047681d67edb2720680708b7d9498083038'
[    0.926216] zswap: loaded using pool lzo/zbud
[    0.928124] Key type trusted registered
[    0.930699] Key type encrypted registered
[    0.931364] AppArmor: AppArmor sha1 policy hashing enabled
[    0.932194] ima: No TPM chip found, activating TPM-bypass!
[    0.933023] ima: Allocated hash algorithm: sha1
[    0.934406] evm: HMAC attrs: 0x1
[    0.935490]   Magic number: 14:525:679
[    0.936200] rtc_cmos rtc_cmos: setting system clock to 2022-03-18 10:39:07 UTC (1647599947)
[    0.937619] BIOS EDD facility v0.16 2004-Jun-25, 0 devices found
[    0.938566] EDD information not available.
[    1.035961] Freeing unused kernel memory: 1492K
[    1.036748] Write protecting the kernel read-only data: 14336k
[    1.038014] Freeing unused kernel memory: 1584K
[    1.038943] Freeing unused kernel memory: 52K
Loading, please wait...
starting version 229
[    1.048578] random: systemd-udevd: uninitialized urandom read (16 bytes read, 1 bits of entropy available)
[    1.048979] random: udevadm: uninitialized urandom read (16 bytes read, 1 bits of entropy available)
[    1.048990] random: udevadm: uninitialized urandom read (16 bytes read, 1 bits of entropy available)
[    1.054466] random: udevadm: uninitialized urandom read (16 bytes read, 1 bits of entropy available)
[    1.054526] random: systemd-udevd: uninitialized urandom read (16 bytes read, 1 bits of entropy available)
[    1.054533] random: systemd-udevd: uninitialized urandom read (16 bytes read, 1 bits of entropy available)
[    1.054541] random: systemd-udevd: uninitialized urandom read (16 bytes read, 1 bits of entropy available)
[    1.055063] random: systemd-udevd: uninitialized urandom read (16 bytes read, 1 bits of entropy available)
[    1.055073] random: systemd-udevd: uninitialized urandom read (16 bytes read, 1 bits of entropy available)
[    1.055076] random: systemd-udevd: uninitialized urandom read (16 bytes read, 1 bits of entropy available)
[    1.082175] e1000: Intel(R) PRO/1000 Network Driver - version 7.3.21-k8-NAPI
[    1.083731] e1000: Copyright (c) 1999-2006 Intel Corporation.
[    1.092095] Fusion MPT base driver 3.04.20
[    1.092899] Copyright (c) 1999-2008 LSI Corporation
[    1.103419] AVX2 version of gcm_enc/dec engaged.
[    1.104450] AES CTR mode by8 optimization enabled
[    1.107834] Fusion MPT SPI Host driver 3.04.20
[    1.298988] input: ImExPS/2 Generic Explorer Mouse as /devices/platform/i8042/serio1/input/input4
[    1.461286] e1000 0000:00:03.0 eth0: (PCI:33MHz:32-bit) 02:be:82:6b:cc:1d
[    1.462724] e1000 0000:00:03.0 eth0: Intel(R) PRO/1000 Network Connection
[    1.464666] mptbase: ioc0: Initiating bringup
[    1.526515] ioc0: LSI53C1030 A0: Capabilities={Initiator}
[    1.697947] scsi host2: ioc0: LSI53C1030 A0, FwRev=00000000h, Ports=1, MaxQ=256, IRQ=20
[    1.810276] scsi 2:0:0:0: Direct-Access     VBOX     HARDDISK         1.0  PQ: 0 ANSI: 5
[    1.812750] scsi target2:0:0: Beginning Domain Validation
[    1.815573] scsi target2:0:0: Domain Validation skipping write tests
[    1.816553] scsi target2:0:0: Ending Domain Validation
[    1.817490] scsi target2:0:0: asynchronous
[    1.818789] scsi 2:0:1:0: Direct-Access     VBOX     HARDDISK         1.0  PQ: 0 ANSI: 5
[    1.820055] scsi target2:0:1: Beginning Domain Validation
[    1.821651] scsi target2:0:1: Domain Validation skipping write tests
[    1.822728] scsi target2:0:1: Ending Domain Validation
[    1.831463] scsi target2:0:1: asynchronous
[    1.837469] sd 2:0:0:0: Attached scsi generic sg0 type 0
[    1.838791] sd 2:0:0:0: [sda] 83886080 512-byte logical blocks: (42.9 GB/40.0 GiB)
[    1.840934] sd 2:0:1:0: Attached scsi generic sg1 type 0
[    1.842279] sd 2:0:0:0: [sda] Write Protect is off
[    1.843243] sd 2:0:0:0: [sda] Incomplete mode parameter data
[    1.844192] sd 2:0:0:0: [sda] Assuming drive cache: write through
[    1.845912] sd 2:0:1:0: [sdb] 20480 512-byte logical blocks: (10.5 MB/10.0 MiB)
[    1.847437] sd 2:0:1:0: [sdb] Write Protect is off
[    1.848544] sd 2:0:1:0: [sdb] Incomplete mode parameter data
[    1.849471] sd 2:0:1:0: [sdb] Assuming drive cache: write through
[    1.858219]  sda: sda1
[    1.860255] sd 2:0:0:0: [sda] Attached SCSI disk
[    1.861980] sd 2:0:1:0: [sdb] Attached SCSI disk
[    2.157906] e1000 0000:00:08.0 eth1: (PCI:33MHz:32-bit) 08:00:27:e5:3b:dc
[    2.159455] e1000 0000:00:08.0 eth1: Intel(R) PRO/1000 Network Connection
[    2.161470] e1000 0000:00:03.0 enp0s3: renamed from eth0
[    2.175191] e1000 0000:00:08.0 enp0s8: renamed from eth1
Begin: Loading essential drivers ... [    3.432681] md: linear personality registered for level -1
[    3.436008] md: multipath personality registered for level -4
[    3.438776] md: raid0 personality registered for level 0
[    3.441909] md: raid1 personality registered for level 1
[    3.509930] raid6: sse2x1   gen() 12144 MB/s
[    3.577906] raid6: sse2x1   xor()  8479 MB/s
[    3.645947] raid6: sse2x2   gen() 17597 MB/s
[    3.713901] raid6: sse2x2   xor() 11760 MB/s
[    3.781909] raid6: sse2x4   gen() 18509 MB/s
[    3.849929] raid6: sse2x4   xor() 11276 MB/s
[    3.917920] raid6: avx2x1   gen() 25283 MB/s
[    3.985915] raid6: avx2x2   gen() 32823 MB/s
[    4.053940] raid6: avx2x4   gen() 36184 MB/s
[    4.055046] raid6: using algorithm avx2x4 gen() 36184 MB/s
[    4.056207] raid6: using avx2x2 recovery algorithm
[    4.058279] xor: automatically using best checksumming function:
[    4.097920]    avx       : 28026.000 MB/sec
[    4.099528] async_tx: api initialized (async)
[    4.106685] md: raid6 personality registered for level 6
[    4.107830] md: raid5 personality registered for level 5
[    4.108933] md: raid4 personality registered for level 4
[    4.114599] md: raid10 personality registered for level 10
done.
Begin: Running /scripts/init-premount ... done.
Begin: Mounting root file system ... Begin: Running /scripts/local-top ... done.
Begin: Running /scripts/local-premount ... [    4.137058] Btrfs loaded
Scanning for Btrfs filesystems
done.
Warning: fsck not present, so skipping root file system
[    4.170013] EXT4-fs (sda1): mounted filesystem with ordered data mode. Opts: (null)
done.
Begin: Running /scripts/local-bottom ... done.
Begin: Running /scripts/init-bottom ... done.
[    4.236620] systemd[1]: systemd 229 running in system mode. (+PAM +AUDIT +SELINUX +IMA +APPARMOR +SMACK +SYSVINIT +UTMP +LIBCRYPTSETUP +GCRYPT +GNUTLS +ACL +XZ -LZ4 +SECCOMP +BLKID +ELFUTILS +KMOD -IDN)
[    4.239402] systemd[1]: Detected virtualization oracle.
[    4.240244] systemd[1]: Detected architecture x86-64.

Welcome to [1mUbuntu 16.04.7 LTS[0m!

[    4.243404] systemd[1]: Set hostname to <ubuntu>.
[    4.245926] systemd[1]: Initializing machine ID from random generator.
[    4.246964] systemd[1]: Installed transient /etc/machine-id file.
[    4.331826] systemd[1]: Listening on /dev/initctl Compatibility Named Pipe.
[[0;32m  OK  [0m] Listening on /dev/initctl Compatibility Named Pipe.
[    4.344091] systemd[1]: Created slice User and Session Slice.
[[0;32m  OK  [0m] Created slice User and Session Slice.
[    4.352163] systemd[1]: Listening on LVM2 poll daemon socket.
[[0;32m  OK  [0m] Listening on LVM2 poll daemon socket.
[    4.357831] systemd[1]: Listening on Syslog Socket.
[[0;32m  OK  [0m] Listening on Syslog Socket.
[    4.360137] systemd[1]: Started Forward Password Requests to Wall Directory Watch.
[[0;32m  OK  [0m] Started Forward Password Requests to Wall Directory Watch.
[    4.362271] systemd[1]: Reached target User and Group Name Lookups.
[[0;32m  OK  [0m] Reached target User and Group Name Lookups.
[    4.363987] systemd[1]: Reached target Encrypted Volumes.
[[0;32m  OK  [0m] Reached target Encrypted Volumes.
[    4.365598] systemd[1]: Listening on Journal Socket (/dev/log).
[[0;32m  OK  [0m] Listening on Journal Socket (/dev/log).
[    4.367233] systemd[1]: Listening on LVM2 metadata daemon socket.
[[0;32m  OK  [0m] Listening on LVM2 metadata daemon socket.
[    4.368917] systemd[1]: Started Trigger resolvconf update for networkd DNS.
[[0;32m  OK  [0m] Started Trigger resolvconf update for networkd DNS.
[    4.370800] systemd[1]: Listening on Journal Audit Socket.
[[0;32m  OK  [0m] Listening on Journal Audit Socket.
[    4.378050] systemd[1]: Reached target Swap.
[[0;32m  OK  [0m] Reached target Swap.
[    4.386947] systemd[1]: Listening on Device-mapper event daemon FIFOs.
[[0;32m  OK  [0m] Listening on Device-mapper event daemon FIFOs.
[    4.389170] systemd[1]: Set up automount Arbitrary Executable File Formats File System Automount Point.
[[0;32m  OK  [0m] Set up automount Arbitrary Executab...ats File System Automount Point.
[    4.391889] systemd[1]: Listening on udev Kernel Socket.
[[0;32m  OK  [0m] Listening on udev Kernel Socket.
[    4.393392] systemd[1]: Listening on Journal Socket.
[[0;32m  OK  [0m] Listening on Journal Socket.
[    4.394863] systemd[1]: Listening on fsck to fsckd communication Socket.
[[0;32m  OK  [0m] Listening on fsck to fsckd communication Socket.
[    4.396685] systemd[1]: Listening on udev Control Socket.
[[0;32m  OK  [0m] Listening on udev Control Socket.
[    4.406261] systemd[1]: Created slice System Slice.
[[0;32m  OK  [0m] Created slice System Slice.
[    4.430788] systemd[1]: Mounting Huge Pages File System...
         Mounting Huge Pages File System...
[    4.435180] systemd[1]: Starting Uncomplicated firewall...
         Starting Uncomplicated firewall...
[    4.437526] systemd[1]: Mounting POSIX Message Queue File System...
         Mounting POSIX Message Queue File System...
[    4.448770] systemd[1]: Mounting Debug File System...
         Mounting Debug File System...
[    4.458725] systemd[1]: Starting File System Check on Root Device...
         Starting File System Check on Root Device...
[    4.471098] systemd[1]: Starting Set console keymap...
         Starting Set console keymap...
[    4.475520] systemd[1]: Starting Nameserver information manager...
         Starting Nameserver information manager...
[    4.481269] systemd[1]: Starting Journal Service...
         Starting Journal Service...
[    4.484088] systemd[1]: Starting Monitoring of LVM2 mirrors, snapshots etc. using dmeventd or progress polling...
         Starting Monitoring of LVM2 mirrors... dmeventd or progress polling...
[    4.487800] systemd[1]: Reached target Slices.
[[0;32m  OK  [0m] Reached target Slices.
[    4.493604] systemd[1]: Starting Load Kernel Modules...
         Starting Load Kernel Modules...
[    4.495655] systemd[1]: Starting Create list of required static device nodes for the current kernel...
         Starting Create list of required st... nodes for the current kernel...
[    4.499401] systemd[1]: Created slice system-serial\x2dgetty.slice.
[[0;32m  OK  [0m] Created slice system-serial\x2dgetty.slice.
[    4.503103] systemd[1]: Reached target System Time Synchronized.
[    4.504961] Loading iSCSI transport class v2.0-870.
[[0;32m  OK  [0m] Reached target System Time Synchronized.
[    4.507767] systemd[1]: Mounted Huge Pages File System.
[[0;32m  OK  [0m] Mounted Huge Pages File System.
[    4.509613] systemd[1]: Mounted POSIX Message Queue File System.
[[0;32m  OK  [0m] Mounted POSIX Message Queue File System.
[    4.511729] systemd[1]: Mounted Debug File System.
[[0;32m  OK  [0m] Mounted Debug File System.
[    4.513807] systemd[1]: Started Uncomplicated firewall.
[[0;32m  OK  [0m] Started Uncomplicated firewall.
[    4.516592] systemd[1]: Started File System Check on Root Device.
[    4.517745] iscsi: registered transport (tcp)
[[0;32m  OK  [0m] Started File System Check on Root Device.
[    4.519984] systemd[1]: Started Create list of required static device nodes for the current kernel.
[[0;32m  OK  [0m] Started Create list of required sta...ce nodes for the current kernel.
[    4.526396] systemd[1]: Started Nameserver information manager.
[[0;32m  OK  [0m] Started Nameserver information manager.
[    4.532193] systemd[1]: Started LVM2 metadata daemon.
[[0;32m  OK  [0m] Started LVM2 metadata daemon.
[    4.535010] systemd[1]: Started File System Check Daemon to report status.
[[0;32m  OK  [0m] Started File System Check Daemon to report status.
[    4.540417] systemd[1]: Starting Create Static Device Nodes in /dev...
         Starting Create Static Device Nodes in /dev...
[    4.542687] systemd[1]: Starting Remount Root and Kernel File Systems...
         Starting Remount Root and Kernel File Systems...
[    4.548388] EXT4-fs (sda1): re-mounted. Opts: (null)
[    4.548594] systemd[1]: Started Journal Service.
[[0;32m  OK  [0m] Started Journal Service.
[[0;32m  OK  [0m] Started Remount Root and Kernel File Systems.
[    4.565832] iscsi: registered transport (iser)
[[0;32m  OK  [0m] Started Set console keymap.
[[0;32m  OK  [0m] Started Load Kernel Modules.
[[0;32m  OK  [0m] Started Create Static Device Nodes in /dev.
         Starting udev Kernel Device Manager...
         Starting Apply Kernel Variables...
         Mounting FUSE Control File System...
         Starting Load/Save Random Seed...
         Starting udev Coldplug all Devices...
         Starting Flush Journal to Persistent Storage...
[[0;32m  OK  [0m] Mounted FUSE Control File System.
[[0;32m  OK  [0m] Started Monitoring of LVM2 mirrors,...ng dmeventd or progress polling.
[[0;32m  OK  [0m] Started Apply Kernel Variables.
[[0;32m  OK  [0m] Started Load/Save Random Seed.
[[0;32m  OK  [0m] Reached target Local File Systems (Pre).
[[0;32m  OK  [0m] Reached target Local File Systems.
         Starting Initial cloud-init job (pre-networking)...
         Starting Commit a transient machine-id on disk...
         Starting Set console font and keymap...
         Starting Tell Plymouth To Write Out Runtime Data...
         Starting LSB: AppArmor initialization...
[[0;32m  OK  [0m] Started udev Kernel Device Manager.
[[0;32m  OK  [0m] Started Flush Journal to Persistent Storage.
         Starting Create Volatile Files and Directories...
[[0;32m  OK  [0m] Started Tell Plymouth To Write Out Runtime Data.
[[0;32m  OK  [0m] Started Create Volatile Files and Directories.
[[0;32m  OK  [0m] Started Commit a transient machine-id on disk.
         Starting Update UTMP about System Boot/Shutdown...
[[0;32m  OK  [0m] Started udev Coldplug all Devices.
[[0;32m  OK  [0m] Started Dispatch Password Requests to Console Directory Watch.
[[0;32m  OK  [0m] Started Update UTMP about System Boot/Shutdown.
[[0;32m  OK  [0m] Found device /dev/ttyS0.
[[0;32m  OK  [0m] Started Set console font and keymap.
[[0;32m  OK  [0m] Created slice system-getty.slice.
[[0;32m  OK  [0m] Listening on Load/Save RF Kill Switch Status /dev/rfkill Watch.
[    5.336420] cloud-init[469]: Cloud-init v. 21.1-19-gbad84ad4-0ubuntu1~16.04.2 running 'init-local' at Fri, 18 Mar 2022 10:39:11 +0000. Up 4.99 seconds.
[[0;32m  OK  [0m] Started LSB: AppArmor initialization.
         Starting Load AppArmor profiles managed internally by snapd...
[[0;32m  OK  [0m] Started Initial cloud-init job (pre-networking).
[[0;32m  OK  [0m] Started Load AppArmor profiles managed internally by snapd.
[[0;32m  OK  [0m] Reached target Network (Pre).
         Starting Raise network interfaces...
[[0;32m  OK  [0m] Started Raise network interfaces.
[[0;32m  OK  [0m] Reached target Network.
         Starting Initial cloud-init job (metadata service crawler)...
[    6.446263] cloud-init[958]: Cloud-init v. 21.1-19-gbad84ad4-0ubuntu1~16.04.2 running 'init' at Fri, 18 Mar 2022 10:39:12 +0000. Up 5.95 seconds.
[    6.456409] cloud-init[958]: ci-info: ++++++++++++++++++++++++++++++++++++++Net device info+++++++++++++++++++++++++++++++++++++++
[    6.468292] cloud-init[958]: ci-info: +--------+-------+----------------------------+---------------+--------+-------------------+
[    6.476283] [cloud-init[0;32m  OK  [0m[958]: ] ci-info: | Device |   Up  |          Address           |      Mask     | Scope  |     Hw-Address    |Started Initial cloud-init job (metadata service crawler).

[    6.476708] [[0;32m  OK  [0m] Reached target Cloud-config availability.
[[0;32m  OK  [0m] Reached target Network is Online.
cloud-init[958]: ci-info: +--------+-------+----------------------------+---------------+--------+-------------------+
[    6.480006] cloud-init[958]: ci-info: | enp0s3 |  True |         10.0.2.15          | 255.255.255.0 | global | 02:be:82:6b:cc:1d |
[    6.481271] cloud-init[958]: ci-info: | enp0s3 |  True | fe80::be:82ff:fe6b:cc1d/64 |       .       |  link  | 02:be:82:6b:cc:1d |
[    6.482944] cloud-init[958]: ci-info: | enp0s8 | False |             .              |       .       |   .    | 08:00:27:e5:3b:dc |
[    6.484328] cloud-init[958]: ci-info: |   lo   |  True |         127.0.0.1          |   255.0.0.0   |  host  |         .         |
[    6.485601] cloud-init[958]: ci-info: |   lo   |  True |          ::1/128           |       .       |  host  |         .         |
[    6.486876] cloud-init[958]: ci-info: +--------+-------+----------------------------+---------------+--------+-------------------+
[    6.488177] cloud-init[958]: ci-info: +++++++++++++++++++++++++++Route IPv4 info++++++++++++++++++++++++++++
[    6.489304] cloud-init[958]: ci-info: +-------+-------------+----------+---------------+-----------+-------+
[    6.490425] cloud-init[958]: ci-info: | Route | Destination | Gateway  |    Genmask    | Interface | Flags |
[    6.491577] cloud-init[958]: ci-info: +-------+-------------+----------+---------------+-----------+-------+         Starting iSCSI initiator daemon (iscsid)...
[[0;32m  OK  [0m] Reached target System Initialization.

[    6.493817] cloud-init[958]: ci-info: |   0   |   0.0.0.0   | 10.0.2.2 |    0.0.0.0    |   enp0s3  |   UG  |
[    6.495593] cloud-init[958]: ci-info: |   1   |   10.0.2.0  | 0.0.0.0  | 255.255.255.0 |   enp0s3  |   U   |
[    6.495759] cloud-init[958]: ci-info: +-------+-------------+----------+---------------+-----------+-------+
[    6.495782] cloud-init[958]: ci-info: +++++++++++++++++++Route IPv6 info+++++++++++++++++++
[    6.495827] [cloud-init[0;32m  OK  [0m[958]: ] ci-info: +-------+-------------+---------+-----------+-------+Started ACPI Events Check.

[    6.495862] cloud-init[958]: ci-info: | Route | Destination | Gateway | Interface | Flags |
[    6.499177] cloud-init[958]: ci-info: +-------+-------------+---------+-----------+-------+
[[0;32m  OK  [0m] Reached target Paths.
[[0;32m  OK  [0m] Listening on D-Bus System Message Bus Socket.
[    6.499443] cloud-init[958]: ci-info: |   0   |  fe80::/64  |    ::   |   enp0s3  |   U   |         Starting LXD - unix socket.
[[0;32m  OK  [0m] Listening on UUID daemon activation socket.
[[0;32m  OK  [0m] Started Daily apt download activities.
[[0;32m  OK  [0m] Started Daily apt upgrade and clean activities.
         Starting Socket activation for snappy daemon.
[[0;32m  OK  [0m] Listening on ACPID Listen Socket.
[[0;32m  OK  [0m] Started Ubuntu Advantage update messaging.
[[0;32m  OK  [0m] Started Message of the Day.
[[0;32m  OK  [0m] Started Daily Cleanup of Temporary Directories.
[[0;32m  OK  [0m] Reached target Timers.
[[0;32m  OK  [0m] Listening on Socket activation for snappy daemon.
[[0;32m  OK  [0m] Listening on LXD - unix socket.
[[0;32m  OK  [0m] Reached target Sockets.
[[0;32m  OK  [0m] Reached target Basic System.

[[0;32m  OK  [0m] Started ACPI event daemon.
[    6.509796] cloud-init[958]: ci-info: |   3   |   ff00::/8  |    ::   |   enp0s3  |   U   |
[    6.512079]          Starting System Logging Service...
         Starting LSB: Record successful boot for GRUB...
cloud-init[958]: ci-info: +-------+-------------+---------+-----------+-------+         Starting LSB: MD monitoring daemon...

         Starting Accounts Service...
[    6.517096] cloud-init[958]: Generating public/private rsa key pair.[[0;32m  OK  [0m] Started FUSE filesystem for LXC.

[[0;32m  OK  [0m] Started Deferred execution scheduler.
[    6.519696] cloud-init[958]:          Starting LXD - container startup/shutdown...
Your identification has been saved in /etc/ssh/ssh_host_rsa_key.[[0;32m  OK  [0m] Started Regular background program processing daemon.
[[0;32m  OK  [0m] Started D-Bus System Message Bus.

[    6.525812] cloud-init[958]: Your public key has been saved in /etc/ssh/ssh_host_rsa_key.pub.
[    6.530604] cloud-init[958]: The key fingerprint is:
[    6.533963] cloud-init[958]: SHA256:+EZMiqRuLEulJbv9rOGDVkFQlLKXA3a4g4uUK0ZlS9Q root@ubuntu-xenial
[    6.540932] cloud-init[958]: The key's randomart image is:
[    6.543469] cloud-init[958]: +---[RSA 2048]----+
[    6.548763] cloud-init[958]: | .*+o            |
[    6.550317] cloud-init[958]: | = B E           |
[    6.551631] cloud-init[958]: |o % +   .        |
[    6.552746] cloud-init[958]: |.B O . =         |
[    6.553968] cloud-init[958]: |+o=o+ o S        |
[    6.556253] cloud-init[958]: |+=*.   o         |
[    6.557580] cloud-init[958]: |++*.    o        |
[    6.559434] cloud-init[958]: |.*+.o  .         |
[    6.563274] cloud-init[958]: |o. ++o           |
[    6.564359] cloud-init[958]: +----[SHA256]-----+
[    6.565423] cloud-init[958]: Generating public/private dsa key pair.
[    6.566808] cloud-init[958]: Your identification has been saved in /etc/ssh/ssh_host_dsa_key.
         Starting Virtualbox guest utils...
         Starting /etc/rc.local Compatibility...
         Starting Pollinate to seed the pseudo random number generator...
         Starting Login Service...
         Starting Snap Daemon...
[[0;32m  OK  [0m] Started System Logging Service.
[[0;32m  OK  [0m] Started /etc/rc.local Compatibility.
[    6.568294] cloud-init[958]: Your public key has been saved in /etc/ssh/ssh_host_dsa_key.pub.
[    6.581841] cloud-init[958]: [[0;32m  OK  [0m] Started Login Service.
[[0;32m  OK  [0m] Started Unattended Upgrades Shutdown.
         Starting Authenticate and Authorize Users to Run Privileged Tasks...
The key fingerprint is:
[    6.610913] cloud-init[958]: SHA256:L49DgWfFj15ulp4/ZcwK3ingXvgyOO1UNMzzCYpGb5U root@ubuntu-xenial
[[0;32m  OK  [0m] Started iSCSI initiator daemon (iscsid).
[    6.620246] cloud-init[958]: The key's randomart image is:
         Starting Login to default iSCSI targets...
[[0;32m  OK  [0m] Started LSB: MD monitoring daemon.
[    6.626063] cloud-init[958]: +---[DSA 1024]----+
[    6.647866] cloud-init[958]: |         .       |[[0;32m  OK  [0m] Started LSB: Record successful boot for GRUB.

[    6.650729] cloud-init[958]: |          oo .   |
[    6.654096] cloud-init[958]: |       ... oE    |
[[0;32m  OK  [0m] Started LXD - container startup/shutdown.
[    6.658431] cloud-init[958]: [[0;32m  OK  [0m] Started Authenticate and Authorize Users to Run Privileged Tasks.
|      ..+o.+o= . |[[0;32m  OK  [0m] Started Login to default iSCSI targets.
[[0;32m  OK  [0m] Reached target Remote File Systems (Pre).
[[0;32m  OK  [0m] Reached target Remote File Systems.

[    6.665189]          Starting LSB: daemon to balance interrupts for SMP systems...
cloud-init[958]: |       oSo+o..oo |
[    6.666577] cloud-init[958]: |       ..ooo*   =|
[    6.668002]          Starting LSB: automatic crash report generation...
         Starting LSB: Set the CPU Frequency Scaling governor to "ondemand"...
         Starting Permit User Sessions...
cloud-init[958]: [[0;32m  OK  [0m] Started Permit User Sessions.
         Starting Hold until boot process finishes up...
         Starting Terminate Plymouth Boot Screen...
[[0;32m  OK  [0m] Started Hold until boot process finishes up.
[[0;32m  OK  [0m] Started Accounts Service.
[[0;32m  OK  [0m] Started Serial Getty on ttyS0.
|       ..++*.+ = |         Starting Set console scheme...
[[0;32m  OK  [0m] Started Getty on tty1.
[[0;32m  OK  [0m] Reached target Login Prompts.

[    6.697613] [[0;32m  OK  [0m] Started Terminate Plymouth Boot Screen.
cloud-init[958]: |        +==o= =  |
[    6.698305] [[0;32m  OK  [0m] Started LSB: Set the CPU Frequency Scaling governor to "ondemand".
cloud-init[958]: |        .=+o.o.. |
[    6.699409] cloud-init[958]: +----[SHA256]-----+
[    6.700240] [[0;32m  OK  [0m] Started Set console scheme.
cloud-init[958]: Generating public/private ecdsa key pair.
[    6.701776] cloud-init[958]: Your identification has been saved in /etc/ssh/ssh_host_ecdsa_key.
[    6.704346] cloud-init[958]: Your public key has been saved in /etc/ssh/ssh_host_ecdsa_key.pub.
[    6.706971] cloud-init[958]: The key fingerprint is:
[    6.713928] [cloud-init[0;32m  OK  [0m[958]: ] SHA256:UJ+CXM2WVxxzOUb6znVt+Xjxmgkjq/SIR0rlfCdHST0 root@ubuntu-xenialStarted LSB: automatic crash report generation.

[[0;32m  OK  [0m] Started LSB: daemon to balance interrupts for SMP systems.
[    6.714225] cloud-init[958]: The key's randomart image is:
[    6.716792] cloud-init[958]: +---[ECDSA 256]---+
[    6.717645] cloud-init[958]: |        oo . +=oo|
[    6.718500] cloud-init[958]: |     . + .=.o E* |
[    6.719368] cloud-init[958]: |      + ..oo o...|
[    6.720302] cloud-init[958]: |       ...  o . o|
[    6.721161] cloud-init[958]: |       +S  .   +=|
[    6.722249] cloud-init[958]: |      . + o o oo*|
[    6.723301] cloud-init[958]: |     . o...+o .o+|
[    6.725357] cloud-init[958]: |      .o.o o o = |
[    6.728458] cloud-init[958]: |      ..o.o   +  |
[[0;32m  OK  [0m] Started Virtualbox guest utils.
[    6.736625] cloud-init[958]: +----[SHA256]-----+
[    6.748661] cloud-init[958]: Generating public/private ed25519 key pair.
[    6.752428] cloud-init[958]: Your identification has been saved in /etc/ssh/ssh_host_ed25519_key.
[    6.753975] cloud-init[958]: Your public key has been saved in /etc/ssh/ssh_host_ed25519_key.pub.
[    6.755798] cloud-init[958]: The key fingerprint is:
[    6.759436] cloud-init[958]: SHA256:wRbzt6GH5ohkg0nrA1C8GvuHP65zu039SO/timrl6Yg root@ubuntu-xenial
[    6.765293] cloud-init[958]: The key's randomart image is:
[    6.772312] cloud-init[958]: +--[ED25519 256]--+
[    6.773434] cloud-init[958]: | ..     o        |
[    6.780366] cloud-init[958]: | ..    . +       |
[    6.788478] cloud-init[958]: |.  ..   + . o    |
[    6.796484] cloud-init[958]: |.... + . . + o   |
[    6.804156] cloud-init[958]: | +. + + S + o    |
[    6.804729] cloud-init[958]: |o  o o +.+ .     |
[    6.812228] cloud-init[958]: | . .o oo+..      |
[    6.820175] cloud-init[958]: |  + +=.oo= .     |
[    6.832471] cloud-init[958]: |  .BE=+o+.=oo    |
[    6.840137] cloud-init[958]: +----[SHA256]-----+
[[0;32m  OK  [0m] Started Snap Daemon.
         Starting Wait until snapd is fully seeded...
[[0;32m  OK  [0m] Started Pollinate to seed the pseudo random number generator.
         Starting OpenBSD Secure Shell server...
[[0;32m  OK  [0m] Started OpenBSD Secure Shell server.
[[0;32m  OK  [0m] Started Wait until snapd is fully seeded.
         Starting Apply the settings specified in cloud-config...
[[0;32m  OK  [0m] Reached target Multi-User System.
[[0;32m  OK  [0m] Reached target Graphical Interface.
         Starting Update UTMP about System Runlevel Changes...
[[0;32m  OK  [0m] Started Update UTMP about System Runlevel Changes.
[    8.192446] cloud-init[1306]: Generating locales (this might take a while)...
[    8.762168] cloud-init[1306]:   en_US.UTF-8... done
[    8.768495] cloud-init[1306]: Generation complete.
[    8.966213] cloud-init[1306]: Cloud-init v. 21.1-19-gbad84ad4-0ubuntu1~16.04.2 running 'modules:config' at Fri, 18 Mar 2022 10:39:14 +0000. Up 8.12 seconds.
[[0;32m  OK  [0m] Started Apply the settings specified in cloud-config.
         Starting Execute cloud user/final scripts...
ci-info: no authorized SSH keys fingerprints found for user ubuntu.
<14>Mar 18 10:39:16 ec2: 
<14>Mar 18 10:39:16 ec2: #############################################################
<14>Mar 18 10:39:16 ec2: -----BEGIN SSH HOST KEY FINGERPRINTS-----
<14>Mar 18 10:39:16 ec2: 1024 SHA256:L49DgWfFj15ulp4/ZcwK3ingXvgyOO1UNMzzCYpGb5U root@ubuntu-xenial (DSA)
<14>Mar 18 10:39:16 ec2: 256 SHA256:UJ+CXM2WVxxzOUb6znVt+Xjxmgkjq/SIR0rlfCdHST0 root@ubuntu-xenial (ECDSA)
<14>Mar 18 10:39:16 ec2: 256 SHA256:wRbzt6GH5ohkg0nrA1C8GvuHP65zu039SO/timrl6Yg root@ubuntu-xenial (ED25519)
<14>Mar 18 10:39:16 ec2: 2048 SHA256:+EZMiqRuLEulJbv9rOGDVkFQlLKXA3a4g4uUK0ZlS9Q root@ubuntu-xenial (RSA)
<14>Mar 18 10:39:16 ec2: -----END SSH HOST KEY FINGERPRINTS-----
<14>Mar 18 10:39:16 ec2: #############################################################
-----BEGIN SSH HOST KEY KEYS-----
ecdsa-sha2-nistp256 AAAAE2VjZHNhLXNoYTItbmlzdHAyNTYAAAAIbmlzdHAyNTYAAABBBCj9HcfWiiONfJS1LQ8SYwMLb7DEPZIttw9AfZFNqb3bQwNbDkj19zk/VnESHXzLOj8FVteMDRM2vLAL1ka4sMw= root@ubuntu-xenial
ssh-ed25519 AAAAC3NzaC1lZDI1NTE5AAAAIKCxQKa+K5rLsfDkhbIcgSMv9JiY6BEyWhl/1uk6R3K8 root@ubuntu-xenial
ssh-rsa AAAAB3NzaC1yc2EAAAADAQABAAABAQDWQuewXl5IkLsE4Kr0goB0D/GeyyQkR1GPIX4JR9Qjx2gtkPwigZvnuyZmKCwMTAi+r3oDmc/TZ8KikO2bGqlQUUqX6n1bKkSI8RwwxLA/Y6OoG2oIOZPM+/TRFKmBbM+bXFibqDWtwIEKfHlFT+I05Vl1Ulnx1yQHuhddbfKOUPOMgzIKCdg1y/ywGuNPsdxszRlpW/KPk5U9yeuOgfHeWQiyHJQ6QUDimFW3zeLRHz68eonuHldBlPUt8Iox2BuNrpvPx5sVfFJWz+Wxq4I4RaysnI2biVV2ovhGqOO4Ry4wL2jrlf3pyKl9sOVSbkbzQBTbfFvi/d8veGHMCXiT root@ubuntu-xenial
-----END SSH HOST KEY KEYS-----
[    9.305726] cloud-init[1350]: Cloud-init v. 21.1-19-gbad84ad4-0ubuntu1~16.04.2 running 'modules:final' at Fri, 18 Mar 2022 10:39:15 +0000. Up 9.19 seconds.
[    9.312417] cloud-init[1350]: ci-info: no authorized SSH keys fingerprints found for user ubuntu.
[    9.313599] cloud-init[1350]: Cloud-init v. 21.1-19-gbad84ad4-0ubuntu1~16.04.2 finished at Fri, 18 Mar 2022 10:39:16 +0000. Datasource DataSourceNoCloud [seed=/dev/sdb][dsmode=net].  Up 9.30 seconds
[[0;32m  OK  [0m] Started Execute cloud user/final scripts.
[[0;32m  OK  [0m] Reached target Cloud-init target.

Ubuntu 16.04.7 LTS ubuntu-xenial ttyS0

ubuntu-xenial login: 